Archive member included to satisfy reference by file (symbol)

c:/st/stm32cubeide_1.6.1/stm32cubeide/plugins/com.st.stm32cube.ide.mcu.externaltools.gnu-tools-for-stm32.10.3-2021.10.win32_1.0.100.202210260954/tools/bin/../lib/gcc/arm-none-eabi/10.3.1/../../../../arm-none-eabi/lib/thumb/v7e-m+fp/hard\libc_nano.a(lib_a-errno.o)
                              ./Application/User/Core/syscalls.o (__errno)
c:/st/stm32cubeide_1.6.1/stm32cubeide/plugins/com.st.stm32cube.ide.mcu.externaltools.gnu-tools-for-stm32.10.3-2021.10.win32_1.0.100.202210260954/tools/bin/../lib/gcc/arm-none-eabi/10.3.1/../../../../arm-none-eabi/lib/thumb/v7e-m+fp/hard\libc_nano.a(lib_a-exit.o)
                              c:/st/stm32cubeide_1.6.1/stm32cubeide/plugins/com.st.stm32cube.ide.mcu.externaltools.gnu-tools-for-stm32.10.3-2021.10.win32_1.0.100.202210260954/tools/bin/../lib/gcc/arm-none-eabi/10.3.1/../../../../arm-none-eabi/lib/thumb/v7e-m+fp/hard/crt0.o (exit)
c:/st/stm32cubeide_1.6.1/stm32cubeide/plugins/com.st.stm32cube.ide.mcu.externaltools.gnu-tools-for-stm32.10.3-2021.10.win32_1.0.100.202210260954/tools/bin/../lib/gcc/arm-none-eabi/10.3.1/../../../../arm-none-eabi/lib/thumb/v7e-m+fp/hard\libc_nano.a(lib_a-impure.o)
                              c:/st/stm32cubeide_1.6.1/stm32cubeide/plugins/com.st.stm32cube.ide.mcu.externaltools.gnu-tools-for-stm32.10.3-2021.10.win32_1.0.100.202210260954/tools/bin/../lib/gcc/arm-none-eabi/10.3.1/../../../../arm-none-eabi/lib/thumb/v7e-m+fp/hard\libc_nano.a(lib_a-exit.o) (_global_impure_ptr)
c:/st/stm32cubeide_1.6.1/stm32cubeide/plugins/com.st.stm32cube.ide.mcu.externaltools.gnu-tools-for-stm32.10.3-2021.10.win32_1.0.100.202210260954/tools/bin/../lib/gcc/arm-none-eabi/10.3.1/../../../../arm-none-eabi/lib/thumb/v7e-m+fp/hard\libc_nano.a(lib_a-init.o)
                              c:/st/stm32cubeide_1.6.1/stm32cubeide/plugins/com.st.stm32cube.ide.mcu.externaltools.gnu-tools-for-stm32.10.3-2021.10.win32_1.0.100.202210260954/tools/bin/../lib/gcc/arm-none-eabi/10.3.1/../../../../arm-none-eabi/lib/thumb/v7e-m+fp/hard/crt0.o (__libc_init_array)
c:/st/stm32cubeide_1.6.1/stm32cubeide/plugins/com.st.stm32cube.ide.mcu.externaltools.gnu-tools-for-stm32.10.3-2021.10.win32_1.0.100.202210260954/tools/bin/../lib/gcc/arm-none-eabi/10.3.1/../../../../arm-none-eabi/lib/thumb/v7e-m+fp/hard\libc_nano.a(lib_a-memcpy-stub.o)
                              ./Application/User/Core/main.o (memcpy)
c:/st/stm32cubeide_1.6.1/stm32cubeide/plugins/com.st.stm32cube.ide.mcu.externaltools.gnu-tools-for-stm32.10.3-2021.10.win32_1.0.100.202210260954/tools/bin/../lib/gcc/arm-none-eabi/10.3.1/../../../../arm-none-eabi/lib/thumb/v7e-m+fp/hard\libc_nano.a(lib_a-memset.o)
                              c:/st/stm32cubeide_1.6.1/stm32cubeide/plugins/com.st.stm32cube.ide.mcu.externaltools.gnu-tools-for-stm32.10.3-2021.10.win32_1.0.100.202210260954/tools/bin/../lib/gcc/arm-none-eabi/10.3.1/../../../../arm-none-eabi/lib/thumb/v7e-m+fp/hard/crt0.o (memset)
c:/st/stm32cubeide_1.6.1/stm32cubeide/plugins/com.st.stm32cube.ide.mcu.externaltools.gnu-tools-for-stm32.10.3-2021.10.win32_1.0.100.202210260954/tools/bin/../lib/gcc/arm-none-eabi/10.3.1/../../../../arm-none-eabi/lib/thumb/v7e-m+fp/hard\libm.a(lib_a-s_cos.o)
                              ./Drivers/OLED/ssd1306.o (cos)
c:/st/stm32cubeide_1.6.1/stm32cubeide/plugins/com.st.stm32cube.ide.mcu.externaltools.gnu-tools-for-stm32.10.3-2021.10.win32_1.0.100.202210260954/tools/bin/../lib/gcc/arm-none-eabi/10.3.1/../../../../arm-none-eabi/lib/thumb/v7e-m+fp/hard\libm.a(lib_a-s_sin.o)
                              ./Drivers/OLED/ssd1306.o (sin)
c:/st/stm32cubeide_1.6.1/stm32cubeide/plugins/com.st.stm32cube.ide.mcu.externaltools.gnu-tools-for-stm32.10.3-2021.10.win32_1.0.100.202210260954/tools/bin/../lib/gcc/arm-none-eabi/10.3.1/../../../../arm-none-eabi/lib/thumb/v7e-m+fp/hard\libm.a(lib_a-e_rem_pio2.o)
                              c:/st/stm32cubeide_1.6.1/stm32cubeide/plugins/com.st.stm32cube.ide.mcu.externaltools.gnu-tools-for-stm32.10.3-2021.10.win32_1.0.100.202210260954/tools/bin/../lib/gcc/arm-none-eabi/10.3.1/../../../../arm-none-eabi/lib/thumb/v7e-m+fp/hard\libm.a(lib_a-s_cos.o) (__ieee754_rem_pio2)
c:/st/stm32cubeide_1.6.1/stm32cubeide/plugins/com.st.stm32cube.ide.mcu.externaltools.gnu-tools-for-stm32.10.3-2021.10.win32_1.0.100.202210260954/tools/bin/../lib/gcc/arm-none-eabi/10.3.1/../../../../arm-none-eabi/lib/thumb/v7e-m+fp/hard\libm.a(lib_a-k_cos.o)
                              c:/st/stm32cubeide_1.6.1/stm32cubeide/plugins/com.st.stm32cube.ide.mcu.externaltools.gnu-tools-for-stm32.10.3-2021.10.win32_1.0.100.202210260954/tools/bin/../lib/gcc/arm-none-eabi/10.3.1/../../../../arm-none-eabi/lib/thumb/v7e-m+fp/hard\libm.a(lib_a-s_cos.o) (__kernel_cos)
[...]
Memory Configuration

Name             Origin             Length             Attributes
RAM              0x0000000020000000 0x0000000000010000 xrw
RAM2             0x0000000010000000 0x0000000000004000 xrw
FLASH            0x0000000008000000 0x0000000000040000 xr
*default*        0x0000000000000000 0xffffffffffffffff

Linker script and memory map

LOAD c:/st/stm32cubeide_1.6.1/stm32cubeide/plugins/com.st.stm32cube.ide.mcu.externaltools.gnu-tools-for-stm32.10.3-2021.10.win32_1.0.100.202210260954/tools/bin/../lib/gcc/arm-none-eabi/10.3.1/thumb/v7e-m+fp/hard/crti.o
LOAD c:/st/stm32cubeide_1.6.1/stm32cubeide/plugins/com.st.stm32cube.ide.mcu.externaltools.gnu-tools-for-stm32.10.3-2021.10.win32_1.0.100.202210260954/tools/bin/../lib/gcc/arm-none-eabi/10.3.1/thumb/v7e-m+fp/hard/crtbegin.o
LOAD c:/st/stm32cubeide_1.6.1/stm32cubeide/plugins/com.st.stm32cube.ide.mcu.externaltools.gnu-tools-for-stm32.10.3-2021.10.win32_1.0.100.202210260954/tools/bin/../lib/gcc/arm-none-eabi/10.3.1/../../../../arm-none-eabi/lib/thumb/v7e-m+fp/hard/crt0.o
LOAD ./Application/User/Core/main.o
LOAD ./Application/User/Core/stm32l4xx_hal_msp.o
LOAD ./Application/User/Core/stm32l4xx_it.o
LOAD ./Application/User/Core/syscalls.o
LOAD ./Application/User/Core/sysmem.o
LOAD ./Application/User/Startup/startup_stm32l432kcux.o
LOAD ./Drivers/CMSIS/system_stm32l4xx.o
LOAD ./Drivers/OLED/ssd1306.o
LOAD ./Drivers/OLED/ssd1306_fonts.o
LOAD ./Drivers/STM32L4xx_HAL_Driver/stm32l4xx_hal.o
LOAD ./Drivers/STM32L4xx_HAL_Driver/stm32l4xx_hal_adc.o
LOAD ./Drivers/STM32L4xx_HAL_Driver/stm32l4xx_hal_adc_ex.o
LOAD ./Drivers/STM32L4xx_HAL_Driver/stm32l4xx_hal_cortex.o
LOAD ./Drivers/STM32L4xx_HAL_Driver/stm32l4xx_hal_dma.o
LOAD ./Drivers/STM32L4xx_HAL_Driver/stm32l4xx_hal_dma_ex.o
LOAD ./Drivers/STM32L4xx_HAL_Driver/stm32l4xx_hal_exti.o
LOAD ./Drivers/STM32L4xx_HAL_Driver/stm32l4xx_hal_flash.o
LOAD ./Drivers/STM32L4xx_HAL_Driver/stm32l4xx_hal_flash_ex.o
LOAD ./Drivers/STM32L4xx_HAL_Driver/stm32l4xx_hal_flash_ramfunc.o
LOAD ./Drivers/STM32L4xx_HAL_Driver/stm32l4xx_hal_gpio.o
LOAD ./Drivers/STM32L4xx_HAL_Driver/stm32l4xx_hal_i2c.o
LOAD ./Drivers/STM32L4xx_HAL_Driver/stm32l4xx_hal_i2c_ex.o
LOAD ./Drivers/STM32L4xx_HAL_Driver/stm32l4xx_hal_pwr.o
LOAD ./Drivers/STM32L4xx_HAL_Driver/stm32l4xx_hal_pwr_ex.o
LOAD ./Drivers/STM32L4xx_HAL_Driver/stm32l4xx_hal_rcc.o
LOAD ./Drivers/STM32L4xx_HAL_Driver/stm32l4xx_hal_rcc_ex.o
LOAD ./Drivers/STM32L4xx_HAL_Driver/stm32l4xx_hal_tim.o
LOAD ./Drivers/STM32L4xx_HAL_Driver/stm32l4xx_hal_tim_ex.o
LOAD ./Drivers/STM32L4xx_HAL_Driver/stm32l4xx_hal_uart.o
LOAD ./Drivers/STM32L4xx_HAL_Driver/stm32l4xx_hal_uart_ex.o
START GROUP
LOAD c:/st/stm32cubeide_1.6.1/stm32cubeide/plugins/com.st.stm32cube.ide.mcu.externaltools.gnu-tools-for-stm32.10.3-2021.10.win32_1.0.100.202210260954/tools/bin/../lib/gcc/arm-none-eabi/10.3.1/../../../../arm-none-eabi/lib/thumb/v7e-m+fp/hard\libc_nano.a
LOAD c:/st/stm32cubeide_1.6.1/stm32cubeide/plugins/com.st.stm32cube.ide.mcu.externaltools.gnu-tools-for-stm32.10.3-2021.10.win32_1.0.100.202210260954/tools/bin/../lib/gcc/arm-none-eabi/10.3.1/../../../../arm-none-eabi/lib/thumb/v7e-m+fp/hard\libm.a
END GROUP
START GROUP
LOAD c:/st/stm32cubeide_1.6.1/stm32cubeide/plugins/com.st.stm32cube.ide.mcu.externaltools.gnu-tools-for-stm32.10.3-2021.10.win32_1.0.100.202210260954/tools/bin/../lib/gcc/arm-none-eabi/10.3.1/thumb/v7e-m+fp/hard\libgcc.a
LOAD c:/st/stm32cubeide_1.6.1/stm32cubeide/plugins/com.st.stm32cube.ide.mcu.externaltools.gnu-tools-for-stm32.10.3-2021.10.win32_1.0.100.202210260954/tools/bin/../lib/gcc/arm-none-eabi/10.3.1/../../../../arm-none-eabi/lib/thumb/v7e-m+fp/hard\libc_nano.a
END GROUP
START GROUP
LOAD c:/st/stm32cubeide_1.6.1/stm32cubeide/plugins/com.st.stm32cube.ide.mcu.externaltools.gnu-tools-for-stm32.10.3-2021.10.win32_1.0.100.202210260954/tools/bin/../lib/gcc/arm-none-eabi/10.3.1/thumb/v7e-m+fp/hard\libgcc.a
LOAD c:/st/stm32cubeide_1.6.1/stm32cubeide/plugins/com.st.stm32cube.ide.mcu.externaltools.gnu-tools-for-stm32.10.3-2021.10.win32_1.0.100.202210260954/tools/bin/../lib/gcc/arm-none-eabi/10.3.1/../../../../arm-none-eabi/lib/thumb/v7e-m+fp/hard\libc_nano.a
LOAD c:/st/stm32cubeide_1.6.1/stm32cubeide/plugins/com.st.stm32cube.ide.mcu.externaltools.gnu-tools-for-stm32.10.3-2021.10.win32_1.0.100.202210260954/tools/bin/../lib/gcc/arm-none-eabi/10.3.1/../../../../arm-none-eabi/lib/thumb/v7e-m+fp/hard\libnosys.a
END GROUP
START GROUP
LOAD c:/st/stm32cubeide_1.6.1/stm32cubeide/plugins/com.st.stm32cube.ide.mcu.externaltools.gnu-tools-for-stm32.10.3-2021.10.win32_1.0.100.202210260954/tools/bin/../lib/gcc/arm-none-eabi/10.3.1/thumb/v7e-m+fp/hard\libgcc.a
LOAD c:/st/stm32cubeide_1.6.1/stm32cubeide/plugins/com.st.stm32cube.ide.mcu.externaltools.gnu-tools-for-stm32.10.3-2021.10.win32_1.0.100.202210260954/tools/bin/../lib/gcc/arm-none-eabi/10.3.1/../../../../arm-none-eabi/lib/thumb/v7e-m+fp/hard\libc_nano.a
LOAD c:/st/stm32cubeide_1.6.1/stm32cubeide/plugins/com.st.stm32cube.ide.mcu.externaltools.gnu-tools-for-stm32.10.3-2021.10.win32_1.0.100.202210260954/tools/bin/../lib/gcc/arm-none-eabi/10.3.1/../../../../arm-none-eabi/lib/thumb/v7e-m+fp/hard\libnosys.a
END GROUP
LOAD c:/st/stm32cubeide_1.6.1/stm32cubeide/plugins/com.st.stm32cube.ide.mcu.externaltools.gnu-tools-for-stm32.10.3-2021.10.win32_1.0.100.202210260954/tools/bin/../lib/gcc/arm-none-eabi/10.3.1/thumb/v7e-m+fp/hard/crtend.o
LOAD c:/st/stm32cubeide_1.6.1/stm32cubeide/plugins/com.st.stm32cube.ide.mcu.externaltools.gnu-tools-for-stm32.10.3-2021.10.win32_1.0.100.202210260954/tools/bin/../lib/gcc/arm-none-eabi/10.3.1/thumb/v7e-m+fp/hard/crtn.o
                0x0000000020010000                _estack = (ORIGIN (RAM) + LENGTH (RAM))
                0x0000000000000200                _Min_Heap_Size = 0x200
                0x0000000000000400                _Min_Stack_Size = 0x400

.isr_vector     0x0000000008000000      0x18c
                0x0000000008000000                . = ALIGN (0x4)
 *(.isr_vector)
 .isr_vector    0x0000000008000000      0x18c ./Application/User/Startup/startup_stm32l432kcux.o
                0x0000000008000000                g_pfnVectors
                0x000000000800018c                . = ALIGN (0x4)

.text           0x000000000800018c     0x5c3c
                0x000000000800018c                . = ALIGN (0x4)
 *(.text)
 .text          0x000000000800018c       0x40 c:/st/stm32cubeide_1.6.1/stm32cubeide/plugins/com.st.stm32cube.ide.mcu.externaltools.gnu-tools-for-stm32.10.3-2021.10.win32_1.0.100.202210260954/tools/bin/../lib/gcc/arm-none-eabi/10.3.1/thumb/v7e-m+fp/hard/crtbegin.o
 .text          0x00000000080001cc       0x30 c:/st/stm32cubeide_1.6.1/stm32cubeide/plugins/com.st.stm32cube.ide.mcu.externaltools.gnu-tools-for-stm32.10.3-2021.10.win32_1.0.100.202210260954/tools/bin/../lib/gcc/arm-none-eabi/10.3.1/thumb/v7e-m+fp/hard\libgcc.a(_aeabi_uldivmod.o)
                0x00000000080001cc                __aeabi_uldivmod
 .text          0x00000000080001fc      0x2d0 c:/st/stm32cubeide_1.6.1/stm32cubeide/plugins/com.st.stm32cube.ide.mcu.externaltools.gnu-tools-for-stm32.10.3-2021.10.win32_1.0.100.202210260954/tools/bin/../lib/gcc/arm-none-eabi/10.3.1/thumb/v7e-m+fp/hard\libgcc.a(_udivmoddi4.o)
                0x00000000080001fc                __udivmoddi4
 .text          0x00000000080004cc        0x4 c:/st/stm32cubeide_1.6.1/stm32cubeide/plugins/com.st.stm32cube.ide.mcu.externaltools.gnu-tools-for-stm32.10.3-2021.10.win32_1.0.100.202210260954/tools/bin/../lib/gcc/arm-none-eabi/10.3.1/thumb/v7e-m+fp/hard\libgcc.a(_dvmd_tls.o)
                0x00000000080004cc                __aeabi_idiv0
                0x00000000080004cc                __aeabi_ldiv0
 *(.text*)
 .text.stcp     0x00000000080004d0       0x56 ./Application/User/Core/main.o
 .text.eraseBuff
                0x0000000008000526       0x3c ./Application/User/Core/main.o
 .text.bellChk  0x0000000008000562       0x42 ./Application/User/Core/main.o
                0x0000000008000562                bellChk
 .text.HAL_UARTEx_RxEventCallback
                0x00000000080005a4       0xc4 ./Application/User/Core/main.o
                0x00000000080005a4                HAL_UARTEx_RxEventCallback
 .text.displayStr
                0x0000000008000668       0xfc ./Application/User/Core/main.o
 .text.main     0x0000000008000764       0xc8 ./Application/User/Core/main.o
                0x0000000008000764                main
 .text.SystemClock_Config
                0x000000000800082c       0xc4 ./Application/User/Core/main.o
                0x000000000800082c                SystemClock_Config
 .text.MX_ADC1_Init
                0x00000000080008f0       0xcc ./Application/User/Core/main.o
 .text.MX_I2C1_Init
                0x00000000080009bc       0x80 ./Application/User/Core/main.o
 .text.MX_USART2_UART_Init
                0x0000000008000a3c       0x60 ./Application/User/Core/main.o
 .text.MX_DMA_Init
                0x0000000008000a9c       0x3c ./Application/User/Core/main.o
 .text.MX_GPIO_Init
                0x0000000008000ad8       0xc4 ./Application/User/Core/main.o
 .text.Error_Handler
                0x0000000008000b9c        0xa ./Application/User/Core/main.o
                0x0000000008000b9c                Error_Handler
 *fill*         0x0000000008000ba6        0x2 
 .text.HAL_MspInit
                0x0000000008000ba8       0x48 ./Application/User/Core/stm32l4xx_hal_msp.o
                0x0000000008000ba8                HAL_MspInit
 .text.HAL_ADC_MspInit
                0x0000000008000bf0       0xc8 ./Application/User/Core/stm32l4xx_hal_msp.o
                0x0000000008000bf0                HAL_ADC_MspInit
 .text.HAL_I2C_MspInit
                0x0000000008000cb8       0xb0 ./Application/User/Core/stm32l4xx_hal_msp.o
                0x0000000008000cb8                HAL_I2C_MspInit
 .text.HAL_UART_MspInit
                0x0000000008000d68      0x13c ./Application/User/Core/stm32l4xx_hal_msp.o
                0x0000000008000d68                HAL_UART_MspInit
 .text.NMI_Handler
                0x0000000008000ea4        0x6 ./Application/User/Core/stm32l4xx_it.o
                0x0000000008000ea4                NMI_Handler
 .text.HardFault_Handler
                0x0000000008000eaa        0x6 ./Application/User/Core/stm32l4xx_it.o
                0x0000000008000eaa                HardFault_Handler
 .text.MemManage_Handler
                0x0000000008000eb0        0x6 ./Application/User/Core/stm32l4xx_it.o
                0x0000000008000eb0                MemManage_Handler
 .text.BusFault_Handler
                0x0000000008000eb6        0x6 ./Application/User/Core/stm32l4xx_it.o
                0x0000000008000eb6                BusFault_Handler
 .text.UsageFault_Handler
                0x0000000008000ebc        0x6 ./Application/User/Core/stm32l4xx_it.o
                0x0000000008000ebc                UsageFault_Handler
 .text.SVC_Handler
                0x0000000008000ec2        0xe ./Application/User/Core/stm32l4xx_it.o
                0x0000000008000ec2                SVC_Handler
 .text.DebugMon_Handler
                0x0000000008000ed0        0xe ./Application/User/Core/stm32l4xx_it.o
                0x0000000008000ed0                DebugMon_Handler
 .text.PendSV_Handler
                0x0000000008000ede        0xe ./Application/User/Core/stm32l4xx_it.o
                0x0000000008000ede                PendSV_Handler
 .text.SysTick_Handler
                0x0000000008000eec        0xc ./Application/User/Core/stm32l4xx_it.o
                0x0000000008000eec                SysTick_Handler
 .text.DMA1_Channel6_IRQHandler
                0x0000000008000ef8       0x14 ./Application/User/Core/stm32l4xx_it.o
                0x0000000008000ef8                DMA1_Channel6_IRQHandler
 .text.USART2_IRQHandler
                0x0000000008000f0c       0x14 ./Application/User/Core/stm32l4xx_it.o
                0x0000000008000f0c                USART2_IRQHandler
 .text.Reset_Handler
                0x0000000008000f20       0x50 ./Application/User/Startup/startup_stm32l432kcux.o
                0x0000000008000f20                Reset_Handler
 .text.Default_Handler
                0x0000000008000f70        0x2 ./Application/User/Startup/startup_stm32l432kcux.o
                0x0000000008000f70                RTC_Alarm_IRQHandler
                0x0000000008000f70                EXTI2_IRQHandler
                0x0000000008000f70                TIM1_CC_IRQHandler
                0x0000000008000f70                TSC_IRQHandler
                0x0000000008000f70                TAMP_STAMP_IRQHandler
                0x0000000008000f70                EXTI3_IRQHandler
                0x0000000008000f70                LPTIM2_IRQHandler
                0x0000000008000f70                I2C3_ER_IRQHandler
                0x0000000008000f70                EXTI0_IRQHandler
                0x0000000008000f70                CAN1_RX0_IRQHandler
                0x0000000008000f70                FPU_IRQHandler
                0x0000000008000f70                TIM1_UP_TIM16_IRQHandler
                0x0000000008000f70                SPI1_IRQHandler
                0x0000000008000f70                TIM6_DAC_IRQHandler
                0x0000000008000f70                DMA2_Channel2_IRQHandler
                0x0000000008000f70                DMA1_Channel4_IRQHandler
                0x0000000008000f70                ADC1_IRQHandler
                0x0000000008000f70                DMA1_Channel7_IRQHandler
                0x0000000008000f70                CAN1_RX1_IRQHandler
                0x0000000008000f70                DMA2_Channel1_IRQHandler
                0x0000000008000f70                QUADSPI_IRQHandler
                0x0000000008000f70                I2C1_EV_IRQHandler
                0x0000000008000f70                DMA2_Channel4_IRQHandler
                0x0000000008000f70                RCC_IRQHandler
                0x0000000008000f70                TIM1_TRG_COM_IRQHandler
                0x0000000008000f70                DMA1_Channel1_IRQHandler
                0x0000000008000f70                Default_Handler
                0x0000000008000f70                DMA2_Channel7_IRQHandler
                0x0000000008000f70                EXTI15_10_IRQHandler
                0x0000000008000f70                TIM7_IRQHandler
                0x0000000008000f70                I2C3_EV_IRQHandler
                0x0000000008000f70                USB_IRQHandler
                0x0000000008000f70                EXTI9_5_IRQHandler
                0x0000000008000f70                RTC_WKUP_IRQHandler
                0x0000000008000f70                PVD_PVM_IRQHandler
                0x0000000008000f70                CAN1_TX_IRQHandler
                0x0000000008000f70                DMA2_Channel5_IRQHandler
                0x0000000008000f70                CRS_IRQHandler
                0x0000000008000f70                DMA1_Channel5_IRQHandler
                0x0000000008000f70                EXTI4_IRQHandler
                0x0000000008000f70                RNG_IRQHandler
                0x0000000008000f70                DMA1_Channel3_IRQHandler
                0x0000000008000f70                COMP_IRQHandler
                0x0000000008000f70                WWDG_IRQHandler
                0x0000000008000f70                LPUART1_IRQHandler
                0x0000000008000f70                DMA2_Channel6_IRQHandler
                0x0000000008000f70                TIM2_IRQHandler
                0x0000000008000f70                EXTI1_IRQHandler
                0x0000000008000f70                DMA1_Channel2_IRQHandler
                0x0000000008000f70                CAN1_SCE_IRQHandler
                0x0000000008000f70                FLASH_IRQHandler
                0x0000000008000f70                USART1_IRQHandler
                0x0000000008000f70                SPI3_IRQHandler
                0x0000000008000f70                I2C1_ER_IRQHandler
                0x0000000008000f70                SWPMI1_IRQHandler
                0x0000000008000f70                LPTIM1_IRQHandler
                0x0000000008000f70                SAI1_IRQHandler
                0x0000000008000f70                DMA2_Channel3_IRQHandler
                0x0000000008000f70                TIM1_BRK_TIM15_IRQHandler
 *fill*         0x0000000008000f72        0x2 
 .text.SystemInit
                0x0000000008000f74       0x24 ./Drivers/CMSIS/system_stm32l4xx.o
                0x0000000008000f74                SystemInit
 .text.ssd1306_Reset
                0x0000000008000f98        0xe ./Drivers/OLED/ssd1306.o
                0x0000000008000f98                ssd1306_Reset
 *fill*         0x0000000008000fa6        0x2 
 .text.ssd1306_WriteCommand
                0x0000000008000fa8       0x30 ./Drivers/OLED/ssd1306.o
                0x0000000008000fa8                ssd1306_WriteCommand
 .text.ssd1306_WriteData
                0x0000000008000fd8       0x34 ./Drivers/OLED/ssd1306.o
                0x0000000008000fd8                ssd1306_WriteData
 .text.ssd1306_Init
                0x000000000800100c       0xd4 ./Drivers/OLED/ssd1306.o
                0x000000000800100c                ssd1306_Init
 .text.ssd1306_Fill
                0x00000000080010e0       0x48 ./Drivers/OLED/ssd1306.o
                0x00000000080010e0                ssd1306_Fill
 .text.ssd1306_UpdateScreen
                0x0000000008001128       0x50 ./Drivers/OLED/ssd1306.o
                0x0000000008001128                ssd1306_UpdateScreen
 .text.ssd1306_DrawPixel
                0x0000000008001178       0xa8 ./Drivers/OLED/ssd1306.o
                0x0000000008001178                ssd1306_DrawPixel
 .text.ssd1306_WriteChar
                0x0000000008001220      0x110 ./Drivers/OLED/ssd1306.o
                0x0000000008001220                ssd1306_WriteChar
 .text.ssd1306_WriteString
                0x0000000008001330       0x4c ./Drivers/OLED/ssd1306.o
                0x0000000008001330                ssd1306_WriteString
 .text.ssd1306_SetCursor
                0x000000000800137c       0x30 ./Drivers/OLED/ssd1306.o
                0x000000000800137c                ssd1306_SetCursor
 .text.ssd1306_SetContrast
                0x00000000080013ac       0x26 ./Drivers/OLED/ssd1306.o
                0x00000000080013ac                ssd1306_SetContrast
 *fill*         0x00000000080013d2        0x2 
 .text.ssd1306_SetDisplayOn
                0x00000000080013d4       0x3c ./Drivers/OLED/ssd1306.o
                0x00000000080013d4                ssd1306_SetDisplayOn
 .text.HAL_Init
                0x0000000008001410       0x30 ./Drivers/STM32L4xx_HAL_Driver/stm32l4xx_hal.o
                0x0000000008001410                HAL_Init
 .text.HAL_InitTick
                0x0000000008001440       0x78 ./Drivers/STM32L4xx_HAL_Driver/stm32l4xx_hal.o
                0x0000000008001440                HAL_InitTick
 .text.HAL_IncTick
                0x00000000080014b8       0x28 ./Drivers/STM32L4xx_HAL_Driver/stm32l4xx_hal.o
                0x00000000080014b8                HAL_IncTick
 .text.HAL_GetTick
                0x00000000080014e0       0x18 ./Drivers/STM32L4xx_HAL_Driver/stm32l4xx_hal.o
                0x00000000080014e0                HAL_GetTick
 .text.HAL_Delay
                0x00000000080014f8       0x48 ./Drivers/STM32L4xx_HAL_Driver/stm32l4xx_hal.o
                0x00000000080014f8                HAL_Delay
 .text.LL_ADC_SetCommonClock
                0x0000000008001540       0x26 ./Drivers/STM32L4xx_HAL_Driver/stm32l4xx_hal_adc.o
 .text.LL_ADC_SetCommonPathInternalCh
                0x0000000008001566       0x26 ./Drivers/STM32L4xx_HAL_Driver/stm32l4xx_hal_adc.o
 .text.LL_ADC_GetCommonPathInternalCh
                0x000000000800158c       0x1c ./Drivers/STM32L4xx_HAL_Driver/stm32l4xx_hal_adc.o
 .text.LL_ADC_SetOffset
                0x00000000080015a8       0x48 ./Drivers/STM32L4xx_HAL_Driver/stm32l4xx_hal_adc.o
 .text.LL_ADC_GetOffsetChannel
                0x00000000080015f0       0x2c ./Drivers/STM32L4xx_HAL_Driver/stm32l4xx_hal_adc.o
 .text.LL_ADC_SetOffsetState
                0x000000000800161c       0x36 ./Drivers/STM32L4xx_HAL_Driver/stm32l4xx_hal_adc.o
 .text.LL_ADC_REG_SetSequencerRanks
                0x0000000008001652       0x58 ./Drivers/STM32L4xx_HAL_Driver/stm32l4xx_hal_adc.o
 .text.LL_ADC_SetChannelSamplingTime
                0x00000000080016aa       0x56 ./Drivers/STM32L4xx_HAL_Driver/stm32l4xx_hal_adc.o
 .text.LL_ADC_SetChannelSingleDiff
                0x0000000008001700       0x48 ./Drivers/STM32L4xx_HAL_Driver/stm32l4xx_hal_adc.o
 .text.LL_ADC_DisableDeepPowerDown
                0x0000000008001748       0x24 ./Drivers/STM32L4xx_HAL_Driver/stm32l4xx_hal_adc.o
 .text.LL_ADC_IsDeepPowerDownEnabled
                0x000000000800176c       0x28 ./Drivers/STM32L4xx_HAL_Driver/stm32l4xx_hal_adc.o
 .text.LL_ADC_EnableInternalRegulator
                0x0000000008001794       0x28 ./Drivers/STM32L4xx_HAL_Driver/stm32l4xx_hal_adc.o
 .text.LL_ADC_IsInternalRegulatorEnabled
                0x00000000080017bc       0x28 ./Drivers/STM32L4xx_HAL_Driver/stm32l4xx_hal_adc.o
 .text.LL_ADC_IsEnabled
                0x00000000080017e4       0x26 ./Drivers/STM32L4xx_HAL_Driver/stm32l4xx_hal_adc.o
 .text.LL_ADC_REG_IsConversionOngoing
                0x000000000800180a       0x26 ./Drivers/STM32L4xx_HAL_Driver/stm32l4xx_hal_adc.o
 .text.LL_ADC_INJ_IsConversionOngoing
                0x0000000008001830       0x26 ./Drivers/STM32L4xx_HAL_Driver/stm32l4xx_hal_adc.o
 *fill*         0x0000000008001856        0x2 
 .text.HAL_ADC_Init
                0x0000000008001858      0x290 ./Drivers/STM32L4xx_HAL_Driver/stm32l4xx_hal_adc.o
                0x0000000008001858                HAL_ADC_Init
 .text.HAL_ADC_ConfigChannel
                0x0000000008001ae8      0x7c0 ./Drivers/STM32L4xx_HAL_Driver/stm32l4xx_hal_adc.o
                0x0000000008001ae8                HAL_ADC_ConfigChannel
 .text.__NVIC_SetPriorityGrouping
                0x00000000080022a8       0x48 ./Drivers/STM32L4xx_HAL_Driver/stm32l4xx_hal_cortex.o
 .text.__NVIC_GetPriorityGrouping
                0x00000000080022f0       0x1c ./Drivers/STM32L4xx_HAL_Driver/stm32l4xx_hal_cortex.o
 .text.__NVIC_EnableIRQ
                0x000000000800230c       0x3c ./Drivers/STM32L4xx_HAL_Driver/stm32l4xx_hal_cortex.o
 .text.__NVIC_SetPriority
                0x0000000008002348       0x54 ./Drivers/STM32L4xx_HAL_Driver/stm32l4xx_hal_cortex.o
 .text.NVIC_EncodePriority
                0x000000000800239c       0x66 ./Drivers/STM32L4xx_HAL_Driver/stm32l4xx_hal_cortex.o
 *fill*         0x0000000008002402        0x2 
 .text.SysTick_Config
                0x0000000008002404       0x44 ./Drivers/STM32L4xx_HAL_Driver/stm32l4xx_hal_cortex.o
 .text.HAL_NVIC_SetPriorityGrouping
                0x0000000008002448       0x16 ./Drivers/STM32L4xx_HAL_Driver/stm32l4xx_hal_cortex.o
                0x0000000008002448                HAL_NVIC_SetPriorityGrouping
 .text.HAL_NVIC_SetPriority
                0x000000000800245e       0x38 ./Drivers/STM32L4xx_HAL_Driver/stm32l4xx_hal_cortex.o
                0x000000000800245e                HAL_NVIC_SetPriority
 .text.HAL_NVIC_EnableIRQ
                0x0000000008002496       0x1c ./Drivers/STM32L4xx_HAL_Driver/stm32l4xx_hal_cortex.o
                0x0000000008002496                HAL_NVIC_EnableIRQ
 .text.HAL_SYSTICK_Config
                0x00000000080024b2       0x18 ./Drivers/STM32L4xx_HAL_Driver/stm32l4xx_hal_cortex.o
                0x00000000080024b2                HAL_SYSTICK_Config
 *fill*         0x00000000080024ca        0x2 
 .text.HAL_DMA_Init
                0x00000000080024cc      0x170 ./Drivers/STM32L4xx_HAL_Driver/stm32l4xx_hal_dma.o
                0x00000000080024cc                HAL_DMA_Init
 .text.HAL_DMA_Start_IT
                0x000000000800263c       0xc0 ./Drivers/STM32L4xx_HAL_Driver/stm32l4xx_hal_dma.o
                0x000000000800263c                HAL_DMA_Start_IT
 .text.HAL_DMA_Abort
                0x00000000080026fc       0x7c ./Drivers/STM32L4xx_HAL_Driver/stm32l4xx_hal_dma.o
                0x00000000080026fc                HAL_DMA_Abort
 .text.HAL_DMA_Abort_IT
                0x0000000008002778       0x82 ./Drivers/STM32L4xx_HAL_Driver/stm32l4xx_hal_dma.o
                0x0000000008002778                HAL_DMA_Abort_IT
 .text.HAL_DMA_IRQHandler
                0x00000000080027fa      0x15e ./Drivers/STM32L4xx_HAL_Driver/stm32l4xx_hal_dma.o
                0x00000000080027fa                HAL_DMA_IRQHandler
 .text.DMA_SetConfig
                0x0000000008002958       0x60 ./Drivers/STM32L4xx_HAL_Driver/stm32l4xx_hal_dma.o
 .text.HAL_GPIO_Init
                0x00000000080029b8      0x2d4 ./Drivers/STM32L4xx_HAL_Driver/stm32l4xx_hal_gpio.o
                0x00000000080029b8                HAL_GPIO_Init
 .text.HAL_GPIO_WritePin
                0x0000000008002c8c       0x30 ./Drivers/STM32L4xx_HAL_Driver/stm32l4xx_hal_gpio.o
                0x0000000008002c8c                HAL_GPIO_WritePin
 .text.HAL_GPIO_TogglePin
                0x0000000008002cbc       0x34 ./Drivers/STM32L4xx_HAL_Driver/stm32l4xx_hal_gpio.o
                0x0000000008002cbc                HAL_GPIO_TogglePin
 .text.HAL_I2C_Init
                0x0000000008002cf0      0x11e ./Drivers/STM32L4xx_HAL_Driver/stm32l4xx_hal_i2c.o
                0x0000000008002cf0                HAL_I2C_Init
 *fill*         0x0000000008002e0e        0x2 
 .text.HAL_I2C_Mem_Write
                0x0000000008002e10      0x228 ./Drivers/STM32L4xx_HAL_Driver/stm32l4xx_hal_i2c.o
                0x0000000008002e10                HAL_I2C_Mem_Write
 .text.I2C_RequestMemoryWrite
                0x0000000008003038       0xa8 ./Drivers/STM32L4xx_HAL_Driver/stm32l4xx_hal_i2c.o
 .text.I2C_Flush_TXDR
                0x00000000080030e0       0x48 ./Drivers/STM32L4xx_HAL_Driver/stm32l4xx_hal_i2c.o
 .text.I2C_WaitOnFlagUntilTimeout
                0x0000000008003128       0x80 ./Drivers/STM32L4xx_HAL_Driver/stm32l4xx_hal_i2c.o
 .text.I2C_WaitOnTXISFlagUntilTimeout
                0x00000000080031a8       0x80 ./Drivers/STM32L4xx_HAL_Driver/stm32l4xx_hal_i2c.o
 .text.I2C_WaitOnSTOPFlagUntilTimeout
                0x0000000008003228       0x78 ./Drivers/STM32L4xx_HAL_Driver/stm32l4xx_hal_i2c.o
 .text.I2C_IsErrorOccurred
                0x00000000080032a0      0x1d8 ./Drivers/STM32L4xx_HAL_Driver/stm32l4xx_hal_i2c.o
 .text.I2C_TransferConfig
                0x0000000008003478       0x64 ./Drivers/STM32L4xx_HAL_Driver/stm32l4xx_hal_i2c.o
 .text.HAL_I2CEx_ConfigAnalogFilter
                0x00000000080034dc       0x96 ./Drivers/STM32L4xx_HAL_Driver/stm32l4xx_hal_i2c_ex.o
                0x00000000080034dc                HAL_I2CEx_ConfigAnalogFilter
 .text.HAL_I2CEx_ConfigDigitalFilter
                0x0000000008003572       0x98 ./Drivers/STM32L4xx_HAL_Driver/stm32l4xx_hal_i2c_ex.o
                0x0000000008003572                HAL_I2CEx_ConfigDigitalFilter
 *fill*         0x000000000800360a        0x2 
 .text.HAL_PWR_EnableBkUpAccess
                0x000000000800360c       0x20 ./Drivers/STM32L4xx_HAL_Driver/stm32l4xx_hal_pwr.o
                0x000000000800360c                HAL_PWR_EnableBkUpAccess
 .text.HAL_PWREx_GetVoltageRange
                0x000000000800362c       0x1c ./Drivers/STM32L4xx_HAL_Driver/stm32l4xx_hal_pwr_ex.o
                0x000000000800362c                HAL_PWREx_GetVoltageRange
 .text.HAL_PWREx_ControlVoltageScaling
                0x0000000008003648       0xac ./Drivers/STM32L4xx_HAL_Driver/stm32l4xx_hal_pwr_ex.o
                0x0000000008003648                HAL_PWREx_ControlVoltageScaling
 .text.HAL_RCC_OscConfig
                0x00000000080036f4      0x828 ./Drivers/STM32L4xx_HAL_Driver/stm32l4xx_hal_rcc.o
                0x00000000080036f4                HAL_RCC_OscConfig
 .text.HAL_RCC_ClockConfig
                0x0000000008003f1c      0x200 ./Drivers/STM32L4xx_HAL_Driver/stm32l4xx_hal_rcc.o
                0x0000000008003f1c                HAL_RCC_ClockConfig
 .text.HAL_RCC_GetSysClockFreq
                0x000000000800411c      0x118 ./Drivers/STM32L4xx_HAL_Driver/stm32l4xx_hal_rcc.o
                0x000000000800411c                HAL_RCC_GetSysClockFreq
 .text.HAL_RCC_GetHCLKFreq
                0x0000000008004234       0x18 ./Drivers/STM32L4xx_HAL_Driver/stm32l4xx_hal_rcc.o
                0x0000000008004234                HAL_RCC_GetHCLKFreq
 .text.HAL_RCC_GetPCLK1Freq
                0x000000000800424c       0x2c ./Drivers/STM32L4xx_HAL_Driver/stm32l4xx_hal_rcc.o
                0x000000000800424c                HAL_RCC_GetPCLK1Freq
 .text.HAL_RCC_GetPCLK2Freq
                0x0000000008004278       0x2c ./Drivers/STM32L4xx_HAL_Driver/stm32l4xx_hal_rcc.o
                0x0000000008004278                HAL_RCC_GetPCLK2Freq
 .text.RCC_SetFlashLatencyFromMSIRange
                0x00000000080042a4       0xc0 ./Drivers/STM32L4xx_HAL_Driver/stm32l4xx_hal_rcc.o
 .text.HAL_RCCEx_PeriphCLKConfig
                0x0000000008004364      0x3ec ./Drivers/STM32L4xx_HAL_Driver/stm32l4xx_hal_rcc_ex.o
                0x0000000008004364                HAL_RCCEx_PeriphCLKConfig
 .text.HAL_RCCEx_EnableMSIPLLMode
                0x0000000008004750       0x20 ./Drivers/STM32L4xx_HAL_Driver/stm32l4xx_hal_rcc_ex.o
                0x0000000008004750                HAL_RCCEx_EnableMSIPLLMode
 .text.RCCEx_PLLSAI1_Config
                0x0000000008004770      0x1e4 ./Drivers/STM32L4xx_HAL_Driver/stm32l4xx_hal_rcc_ex.o
 .text.HAL_UART_Init
                0x0000000008004954       0x9c ./Drivers/STM32L4xx_HAL_Driver/stm32l4xx_hal_uart.o
                0x0000000008004954                HAL_UART_Init
 .text.HAL_UART_IRQHandler
                0x00000000080049f0      0x5c4 ./Drivers/STM32L4xx_HAL_Driver/stm32l4xx_hal_uart.o
                0x00000000080049f0                HAL_UART_IRQHandler
 .text.HAL_UART_TxCpltCallback
                0x0000000008004fb4       0x14 ./Drivers/STM32L4xx_HAL_Driver/stm32l4xx_hal_uart.o
                0x0000000008004fb4                HAL_UART_TxCpltCallback
 .text.HAL_UART_RxCpltCallback
                0x0000000008004fc8       0x14 ./Drivers/STM32L4xx_HAL_Driver/stm32l4xx_hal_uart.o
                0x0000000008004fc8                HAL_UART_RxCpltCallback
 .text.HAL_UART_RxHalfCpltCallback
                0x0000000008004fdc       0x14 ./Drivers/STM32L4xx_HAL_Driver/stm32l4xx_hal_uart.o
                0x0000000008004fdc                HAL_UART_RxHalfCpltCallback
 .text.HAL_UART_ErrorCallback
                0x0000000008004ff0       0x14 ./Drivers/STM32L4xx_HAL_Driver/stm32l4xx_hal_uart.o
                0x0000000008004ff0                HAL_UART_ErrorCallback
 .text.UART_SetConfig
                0x0000000008005004      0x458 ./Drivers/STM32L4xx_HAL_Driver/stm32l4xx_hal_uart.o
                0x0000000008005004                UART_SetConfig
 .text.UART_AdvFeatureConfig
                0x000000000800545c      0x144 ./Drivers/STM32L4xx_HAL_Driver/stm32l4xx_hal_uart.o
                0x000000000800545c                UART_AdvFeatureConfig
 .text.UART_CheckIdleState
                0x00000000080055a0       0x92 ./Drivers/STM32L4xx_HAL_Driver/stm32l4xx_hal_uart.o
                0x00000000080055a0                UART_CheckIdleState
 .text.UART_WaitOnFlagUntilTimeout
                0x0000000008005632      0x188 ./Drivers/STM32L4xx_HAL_Driver/stm32l4xx_hal_uart.o
                0x0000000008005632                UART_WaitOnFlagUntilTimeout
 *fill*         0x00000000080057ba        0x2 
 .text.UART_Start_Receive_DMA
                0x00000000080057bc      0x14c ./Drivers/STM32L4xx_HAL_Driver/stm32l4xx_hal_uart.o
                0x00000000080057bc                UART_Start_Receive_DMA
 .text.UART_EndTxTransfer
                0x0000000008005908       0x4c ./Drivers/STM32L4xx_HAL_Driver/stm32l4xx_hal_uart.o
 .text.UART_EndRxTransfer
                0x0000000008005954       0xc6 ./Drivers/STM32L4xx_HAL_Driver/stm32l4xx_hal_uart.o
 .text.UART_DMAReceiveCplt
                0x0000000008005a1a      0x124 ./Drivers/STM32L4xx_HAL_Driver/stm32l4xx_hal_uart.o
 .text.UART_DMARxHalfCplt
                0x0000000008005b3e       0x38 ./Drivers/STM32L4xx_HAL_Driver/stm32l4xx_hal_uart.o
 .text.UART_DMAError
                0x0000000008005b76       0x7c ./Drivers/STM32L4xx_HAL_Driver/stm32l4xx_hal_uart.o
 .text.UART_DMAAbortOnError
                0x0000000008005bf2       0x2c ./Drivers/STM32L4xx_HAL_Driver/stm32l4xx_hal_uart.o
 .text.UART_EndTransmit_IT
                0x0000000008005c1e       0x54 ./Drivers/STM32L4xx_HAL_Driver/stm32l4xx_hal_uart.o
 .text.HAL_UARTEx_WakeupCallback
                0x0000000008005c72       0x14 ./Drivers/STM32L4xx_HAL_Driver/stm32l4xx_hal_uart_ex.o
                0x0000000008005c72                HAL_UARTEx_WakeupCallback
 .text.HAL_UARTEx_ReceiveToIdle_DMA
                0x0000000008005c86       0xb6 ./Drivers/STM32L4xx_HAL_Driver/stm32l4xx_hal_uart_ex.o
                0x0000000008005c86                HAL_UARTEx_ReceiveToIdle_DMA
 .text.__libc_init_array
                0x0000000008005d3c       0x48 c:/st/stm32cubeide_1.6.1/stm32cubeide/plugins/com.st.stm32cube.ide.mcu.externaltools.gnu-tools-for-stm32.10.3-2021.10.win32_1.0.100.202210260954/tools/bin/../lib/gcc/arm-none-eabi/10.3.1/../../../../arm-none-eabi/lib/thumb/v7e-m+fp/hard\libc_nano.a(lib_a-init.o)
                0x0000000008005d3c                __libc_init_array
 .text.memcpy   0x0000000008005d84       0x1c c:/st/stm32cubeide_1.6.1/stm32cubeide/plugins/com.st.stm32cube.ide.mcu.externaltools.gnu-tools-for-stm32.10.3-2021.10.win32_1.0.100.202210260954/tools/bin/../lib/gcc/arm-none-eabi/10.3.1/../../../../arm-none-eabi/lib/thumb/v7e-m+fp/hard\libc_nano.a(lib_a-memcpy-stub.o)
                0x0000000008005d84                memcpy
 .text.memset   0x0000000008005da0       0x10 c:/st/stm32cubeide_1.6.1/stm32cubeide/plugins/com.st.stm32cube.ide.mcu.externaltools.gnu-tools-for-stm32.10.3-2021.10.win32_1.0.100.202210260954/tools/bin/../lib/gcc/arm-none-eabi/10.3.1/../../../../arm-none-eabi/lib/thumb/v7e-m+fp/hard\libc_nano.a(lib_a-memset.o)
                0x0000000008005da0                memset
 *(.glue_7)
 .glue_7        0x0000000008005db0        0x0 linker stubs
 *(.glue_7t)
 .glue_7t       0x0000000008005db0        0x0 linker stubs
 *(.eh_frame)
 .eh_frame      0x0000000008005db0        0x0 c:/st/stm32cubeide_1.6.1/stm32cubeide/plugins/com.st.stm32cube.ide.mcu.externaltools.gnu-tools-for-stm32.10.3-2021.10.win32_1.0.100.202210260954/tools/bin/../lib/gcc/arm-none-eabi/10.3.1/thumb/v7e-m+fp/hard/crtbegin.o
 *(.init)
 .init          0x0000000008005db0        0x4 c:/st/stm32cubeide_1.6.1/stm32cubeide/plugins/com.st.stm32cube.ide.mcu.externaltools.gnu-tools-for-stm32.10.3-2021.10.win32_1.0.100.202210260954/tools/bin/../lib/gcc/arm-none-eabi/10.3.1/thumb/v7e-m+fp/hard/crti.o
                0x0000000008005db0                _init
 .init          0x0000000008005db4        0x8 c:/st/stm32cubeide_1.6.1/stm32cubeide/plugins/com.st.stm32cube.ide.mcu.externaltools.gnu-tools-for-stm32.10.3-2021.10.win32_1.0.100.202210260954/tools/bin/../lib/gcc/arm-none-eabi/10.3.1/thumb/v7e-m+fp/hard/crtn.o
 *(.fini)
 .fini          0x0000000008005dbc        0x4 c:/st/stm32cubeide_1.6.1/stm32cubeide/plugins/com.st.stm32cube.ide.mcu.externaltools.gnu-tools-for-stm32.10.3-2021.10.win32_1.0.100.202210260954/tools/bin/../lib/gcc/arm-none-eabi/10.3.1/thumb/v7e-m+fp/hard/crti.o
                0x0000000008005dbc                _fini
 .fini          0x0000000008005dc0        0x8 c:/st/stm32cubeide_1.6.1/stm32cubeide/plugins/com.st.stm32cube.ide.mcu.externaltools.gnu-tools-for-stm32.10.3-2021.10.win32_1.0.100.202210260954/tools/bin/../lib/gcc/arm-none-eabi/10.3.1/thumb/v7e-m+fp/hard/crtn.o
                0x0000000008005dc8                . = ALIGN (0x4)
                0x0000000008005dc8                _etext = .

.vfp11_veneer   0x0000000008005dc8        0x0
 .vfp11_veneer  0x0000000008005dc8        0x0 linker stubs

.v4_bx          0x0000000008005dc8        0x0
 .v4_bx         0x0000000008005dc8        0x0 linker stubs

.iplt           0x0000000008005dc8        0x0
 .iplt          0x0000000008005dc8        0x0 c:/st/stm32cubeide_1.6.1/stm32cubeide/plugins/com.st.stm32cube.ide.mcu.externaltools.gnu-tools-for-stm32.10.3-2021.10.win32_1.0.100.202210260954/tools/bin/../lib/gcc/arm-none-eabi/10.3.1/thumb/v7e-m+fp/hard/crtbegin.o

.rodata         0x0000000008005dc8      0x7c4
                0x0000000008005dc8                . = ALIGN (0x4)
 *(.rodata)
 .rodata        0x0000000008005dc8        0xd ./Application/User/Core/main.o
 *(.rodata*)
 *fill*         0x0000000008005dd5        0x3 
 .rodata.AHBPrescTable
                0x0000000008005dd8       0x10 ./Drivers/CMSIS/system_stm32l4xx.o
                0x0000000008005dd8                AHBPrescTable
 .rodata.APBPrescTable
                0x0000000008005de8        0x8 ./Drivers/CMSIS/system_stm32l4xx.o
                0x0000000008005de8                APBPrescTable
 .rodata.MSIRangeTable
                0x0000000008005df0       0x30 ./Drivers/CMSIS/system_stm32l4xx.o
                0x0000000008005df0                MSIRangeTable
 .rodata.Font7x10
                0x0000000008005e20      0x76c ./Drivers/OLED/ssd1306_fonts.o
                0x000000000800658c                . = ALIGN (0x4)

.ARM.extab      0x000000000800658c        0x0
                0x000000000800658c                . = ALIGN (0x4)
 *(.ARM.extab* .gnu.linkonce.armextab.*)
                0x000000000800658c                . = ALIGN (0x4)

.ARM            0x000000000800658c        0x8
                0x000000000800658c                . = ALIGN (0x4)
                0x000000000800658c                __exidx_start = .
 *(.ARM.exidx*)
 .ARM.exidx     0x000000000800658c        0x8 c:/st/stm32cubeide_1.6.1/stm32cubeide/plugins/com.st.stm32cube.ide.mcu.externaltools.gnu-tools-for-stm32.10.3-2021.10.win32_1.0.100.202210260954/tools/bin/../lib/gcc/arm-none-eabi/10.3.1/thumb/v7e-m+fp/hard\libgcc.a(_udivmoddi4.o)
                0x0000000008006594                __exidx_end = .
                0x0000000008006594                . = ALIGN (0x4)

.rel.dyn        0x0000000008006594        0x0
 .rel.iplt      0x0000000008006594        0x0 c:/st/stm32cubeide_1.6.1/stm32cubeide/plugins/com.st.stm32cube.ide.mcu.externaltools.gnu-tools-for-stm32.10.3-2021.10.win32_1.0.100.202210260954/tools/bin/../lib/gcc/arm-none-eabi/10.3.1/thumb/v7e-m+fp/hard/crtbegin.o

.preinit_array  0x0000000008006594        0x0
                0x0000000008006594                . = ALIGN (0x4)
                0x0000000008006594                PROVIDE (__preinit_array_start = .)
 *(.preinit_array*)
                0x0000000008006594                PROVIDE (__preinit_array_end = .)
                0x0000000008006594                . = ALIGN (0x4)

.init_array     0x0000000008006594        0x4
                0x0000000008006594                . = ALIGN (0x4)
                0x0000000008006594                PROVIDE (__init_array_start = .)
 *(SORT_BY_NAME(.init_array.*))
 *(.init_array*)
 .init_array    0x0000000008006594        0x4 c:/st/stm32cubeide_1.6.1/stm32cubeide/plugins/com.st.stm32cube.ide.mcu.externaltools.gnu-tools-for-stm32.10.3-2021.10.win32_1.0.100.202210260954/tools/bin/../lib/gcc/arm-none-eabi/10.3.1/thumb/v7e-m+fp/hard/crtbegin.o
                0x0000000008006598                PROVIDE (__init_array_end = .)
                0x0000000008006598                . = ALIGN (0x4)

.fini_array     0x0000000008006598        0x4
                0x0000000008006598                . = ALIGN (0x4)
                [!provide]                        PROVIDE (__fini_array_start = .)
 *(SORT_BY_NAME(.fini_array.*))
 *(.fini_array*)
 .fini_array    0x0000000008006598        0x4 c:/st/stm32cubeide_1.6.1/stm32cubeide/plugins/com.st.stm32cube.ide.mcu.externaltools.gnu-tools-for-stm32.10.3-2021.10.win32_1.0.100.202210260954/tools/bin/../lib/gcc/arm-none-eabi/10.3.1/thumb/v7e-m+fp/hard/crtbegin.o
                [!provide]                        PROVIDE (__fini_array_end = .)
                0x000000000800659c                . = ALIGN (0x4)
                0x000000000800659c                _sidata = LOADADDR (.data)

.data           0x0000000020000000       0x18 load address 0x000000000800659c
                0x0000000020000000                . = ALIGN (0x4)
                0x0000000020000000                _sdata = .
 *(.data)
 *(.data*)
 .data.colState
                0x0000000020000000        0x1 ./Application/User/Core/main.o
                0x0000000020000000                colState
 .data.yPos     0x0000000020000001        0x1 ./Application/User/Core/main.o
                0x0000000020000001                yPos
 *fill*         0x0000000020000002        0x2 
 .data.SystemCoreClock
                0x0000000020000004        0x4 ./Drivers/CMSIS/system_stm32l4xx.o
                0x0000000020000004                SystemCoreClock
 .data.Font_7x10
                0x0000000020000008        0x8 ./Drivers/OLED/ssd1306_fonts.o
                0x0000000020000008                Font_7x10
 .data.uwTickPrio
                0x0000000020000010        0x4 ./Drivers/STM32L4xx_HAL_Driver/stm32l4xx_hal.o
                0x0000000020000010                uwTickPrio
 .data.uwTickFreq
                0x0000000020000014        0x1 ./Drivers/STM32L4xx_HAL_Driver/stm32l4xx_hal.o
                0x0000000020000014                uwTickFreq
 *(.RamFunc)
 *(.RamFunc*)
                0x0000000020000018                . = ALIGN (0x4)
 *fill*         0x0000000020000015        0x3 
                0x0000000020000018                _edata = .

.igot.plt       0x0000000020000018        0x0 load address 0x00000000080065b4
 .igot.plt      0x0000000020000018        0x0 c:/st/stm32cubeide_1.6.1/stm32cubeide/plugins/com.st.stm32cube.ide.mcu.externaltools.gnu-tools-for-stm32.10.3-2021.10.win32_1.0.100.202210260954/tools/bin/../lib/gcc/arm-none-eabi/10.3.1/thumb/v7e-m+fp/hard/crtbegin.o
                0x0000000020000018                . = ALIGN (0x4)

.bss            0x0000000020000018      0x934 load address 0x00000000080065b4
                0x0000000020000018                _sbss = .
                0x0000000020000018                __bss_start__ = _sbss
 *(.bss)
 .bss           0x0000000020000018       0x1c c:/st/stm32cubeide_1.6.1/stm32cubeide/plugins/com.st.stm32cube.ide.mcu.externaltools.gnu-tools-for-stm32.10.3-2021.10.win32_1.0.100.202210260954/tools/bin/../lib/gcc/arm-none-eabi/10.3.1/thumb/v7e-m+fp/hard/crtbegin.o
 *(.bss*)
 .bss.hadc1     0x0000000020000034       0x64 ./Application/User/Core/main.o
                0x0000000020000034                hadc1
 .bss.hi2c1     0x0000000020000098       0x54 ./Application/User/Core/main.o
                0x0000000020000098                hi2c1
 .bss.huart2    0x00000000200000ec       0x84 ./Application/User/Core/main.o
                0x00000000200000ec                huart2
 .bss.hdma_usart2_rx
                0x0000000020000170       0x48 ./Application/User/Core/main.o
                0x0000000020000170                hdma_usart2_rx
 .bss.retVal    0x00000000200001b8        0x1 ./Application/User/Core/main.o
                0x00000000200001b8                retVal
 *fill*         0x00000000200001b9        0x3 
 .bss.RxBuf     0x00000000200001bc       0x7f ./Application/User/Core/main.o
                0x00000000200001bc                RxBuf
 *fill*         0x000000002000023b        0x1 
 .bss.MainB     0x000000002000023c      0x200 ./Application/User/Core/main.o
                0x000000002000023c                MainB
 .bss.greetings
                0x000000002000043c      0x100 ./Application/User/Core/main.o
                0x000000002000043c                greetings
 .bss.oldPos    0x000000002000053c        0x2 ./Application/User/Core/main.o
                0x000000002000053c                oldPos
 .bss.newPos    0x000000002000053e        0x2 ./Application/User/Core/main.o
                0x000000002000053e                newPos
 .bss.SSD1306_Buffer
                0x0000000020000540      0x400 ./Drivers/OLED/ssd1306.o
 .bss.SSD1306   0x0000000020000940        0x6 ./Drivers/OLED/ssd1306.o
 *fill*         0x0000000020000946        0x2 
 .bss.uwTick    0x0000000020000948        0x4 ./Drivers/STM32L4xx_HAL_Driver/stm32l4xx_hal.o
                0x0000000020000948                uwTick
 *(COMMON)
                0x000000002000094c                . = ALIGN (0x4)
                0x000000002000094c                _ebss = .
                0x000000002000094c                __bss_end__ = _ebss

._user_heap_stack
                0x000000002000094c      0x604 load address 0x00000000080065b4
                0x0000000020000950                . = ALIGN (0x8)
 *fill*         0x000000002000094c        0x4 
                [!provide]                        PROVIDE (end = .)
                0x0000000020000950                PROVIDE (_end = .)
                0x0000000020000b50                . = (. + _Min_Heap_Size)
 *fill*         0x0000000020000950      0x200 
                0x0000000020000f50                . = (. + _Min_Stack_Size)
 *fill*         0x0000000020000b50      0x400 
                0x0000000020000f50                . = ALIGN (0x8)

/DISCARD/
 libc.a(*)
 libm.a(*)
 libgcc.a(*)

.ARM.attributes
                0x0000000000000000       0x30
 *(.ARM.attributes)
 .ARM.attributes
                0x0000000000000000       0x1e c:/st/stm32cubeide_1.6.1/stm32cubeide/plugins/com.st.stm32cube.ide.mcu.externaltools.gnu-tools-for-stm32.10.3-2021.10.win32_1.0.100.202210260954/tools/bin/../lib/gcc/arm-none-eabi/10.3.1/thumb/v7e-m+fp/hard/crti.o
 .ARM.attributes
                0x000000000000001e       0x34 c:/st/stm32cubeide_1.6.1/stm32cubeide/plugins/com.st.stm32cube.ide.mcu.externaltools.gnu-tools-for-stm32.10.3-2021.10.win32_1.0.100.202210260954/tools/bin/../lib/gcc/arm-none-eabi/10.3.1/thumb/v7e-m+fp/hard/crtbegin.o
 .ARM.attributes
                0x0000000000000052       0x34 ./Application/User/Core/main.o
 .ARM.attributes
                0x0000000000000086       0x34 ./Application/User/Core/stm32l4xx_hal_msp.o
 .ARM.attributes
                0x00000000000000ba       0x34 ./Application/User/Core/stm32l4xx_it.o
 .ARM.attributes
                0x00000000000000ee       0x21 ./Application/User/Startup/startup_stm32l432kcux.o
 .ARM.attributes
                0x000000000000010f       0x34 ./Drivers/CMSIS/system_stm32l4xx.o
 .ARM.attributes
                0x0000000000000143       0x34 ./Drivers/OLED/ssd1306.o
 .ARM.attributes
                0x0000000000000177       0x34 ./Drivers/OLED/ssd1306_fonts.o
 .ARM.attributes
                0x00000000000001ab       0x34 ./Drivers/STM32L4xx_HAL_Driver/stm32l4xx_hal.o
 .ARM.attributes
                0x00000000000001df       0x34 ./Drivers/STM32L4xx_HAL_Driver/stm32l4xx_hal_adc.o
 .ARM.attributes
                0x0000000000000213       0x34 ./Drivers/STM32L4xx_HAL_Driver/stm32l4xx_hal_cortex.o
 .ARM.attributes
                0x0000000000000247       0x34 ./Drivers/STM32L4xx_HAL_Driver/stm32l4xx_hal_dma.o
 .ARM.attributes
                0x000000000000027b       0x34 ./Drivers/STM32L4xx_HAL_Driver/stm32l4xx_hal_gpio.o
 .ARM.attributes
                0x00000000000002af       0x34 ./Drivers/STM32L4xx_HAL_Driver/stm32l4xx_hal_i2c.o
 .ARM.attributes
                0x00000000000002e3       0x34 ./Drivers/STM32L4xx_HAL_Driver/stm32l4xx_hal_i2c_ex.o
 .ARM.attributes
                0x0000000000000317       0x34 ./Drivers/STM32L4xx_HAL_Driver/stm32l4xx_hal_pwr.o
 .ARM.attributes
                0x000000000000034b       0x34 ./Drivers/STM32L4xx_HAL_Driver/stm32l4xx_hal_pwr_ex.o
 .ARM.attributes
                0x000000000000037f       0x34 ./Drivers/STM32L4xx_HAL_Driver/stm32l4xx_hal_rcc.o
 .ARM.attributes
                0x00000000000003b3       0x34 ./Drivers/STM32L4xx_HAL_Driver/stm32l4xx_hal_rcc_ex.o
 .ARM.attributes
                0x00000000000003e7       0x34 ./Drivers/STM32L4xx_HAL_Driver/stm32l4xx_hal_uart.o
 .ARM.attributes
                0x000000000000041b       0x34 ./Drivers/STM32L4xx_HAL_Driver/stm32l4xx_hal_uart_ex.o
 .ARM.attributes
                0x000000000000044f       0x34 c:/st/stm32cubeide_1.6.1/stm32cubeide/plugins/com.st.stm32cube.ide.mcu.externaltools.gnu-tools-for-stm32.10.3-2021.10.win32_1.0.100.202210260954/tools/bin/../lib/gcc/arm-none-eabi/10.3.1/../../../../arm-none-eabi/lib/thumb/v7e-m+fp/hard\libc_nano.a(lib_a-init.o)
 .ARM.attributes
                0x0000000000000483       0x34 c:/st/stm32cubeide_1.6.1/stm32cubeide/plugins/com.st.stm32cube.ide.mcu.externaltools.gnu-tools-for-stm32.10.3-2021.10.win32_1.0.100.202210260954/tools/bin/../lib/gcc/arm-none-eabi/10.3.1/../../../../arm-none-eabi/lib/thumb/v7e-m+fp/hard\libc_nano.a(lib_a-memcpy-stub.o)
 .ARM.attributes
                0x00000000000004b7       0x34 c:/st/stm32cubeide_1.6.1/stm32cubeide/plugins/com.st.stm32cube.ide.mcu.externaltools.gnu-tools-for-stm32.10.3-2021.10.win32_1.0.100.202210260954/tools/bin/../lib/gcc/arm-none-eabi/10.3.1/../../../../arm-none-eabi/lib/thumb/v7e-m+fp/hard\libc_nano.a(lib_a-memset.o)
 .ARM.attributes
                0x00000000000004eb       0x1e c:/st/stm32cubeide_1.6.1/stm32cubeide/plugins/com.st.stm32cube.ide.mcu.externaltools.gnu-tools-for-stm32.10.3-2021.10.win32_1.0.100.202210260954/tools/bin/../lib/gcc/arm-none-eabi/10.3.1/thumb/v7e-m+fp/hard\libgcc.a(_aeabi_uldivmod.o)
 .ARM.attributes
                0x0000000000000509       0x34 c:/st/stm32cubeide_1.6.1/stm32cubeide/plugins/com.st.stm32cube.ide.mcu.externaltools.gnu-tools-for-stm32.10.3-2021.10.win32_1.0.100.202210260954/tools/bin/../lib/gcc/arm-none-eabi/10.3.1/thumb/v7e-m+fp/hard\libgcc.a(_udivmoddi4.o)
 .ARM.attributes
                0x000000000000053d       0x1e c:/st/stm32cubeide_1.6.1/stm32cubeide/plugins/com.st.stm32cube.ide.mcu.externaltools.gnu-tools-for-stm32.10.3-2021.10.win32_1.0.100.202210260954/tools/bin/../lib/gcc/arm-none-eabi/10.3.1/thumb/v7e-m+fp/hard\libgcc.a(_dvmd_tls.o)
 .ARM.attributes
                0x000000000000055b       0x1e c:/st/stm32cubeide_1.6.1/stm32cubeide/plugins/com.st.stm32cube.ide.mcu.externaltools.gnu-tools-for-stm32.10.3-2021.10.win32_1.0.100.202210260954/tools/bin/../lib/gcc/arm-none-eabi/10.3.1/thumb/v7e-m+fp/hard/crtn.o
OUTPUT(STM32_Disp.elf elf32-littlearm)
LOAD linker stubs
LOAD c:/st/stm32cubeide_1.6.1/stm32cubeide/plugins/com.st.stm32cube.ide.mcu.externaltools.gnu-tools-for-stm32.10.3-2021.10.win32_1.0.100.202210260954/tools/bin/../lib/gcc/arm-none-eabi/10.3.1/../../../../arm-none-eabi/lib/thumb/v7e-m+fp/hard\libc.a
LOAD c:/st/stm32cubeide_1.6.1/stm32cubeide/plugins/com.st.stm32cube.ide.mcu.externaltools.gnu-tools-for-stm32.10.3-2021.10.win32_1.0.100.202210260954/tools/bin/../lib/gcc/arm-none-eabi/10.3.1/../../../../arm-none-eabi/lib/thumb/v7e-m+fp/hard\libm.a
LOAD c:/st/stm32cubeide_1.6.1/stm32cubeide/plugins/com.st.stm32cube.ide.mcu.externaltools.gnu-tools-for-stm32.10.3-2021.10.win32_1.0.100.202210260954/tools/bin/../lib/gcc/arm-none-eabi/10.3.1/thumb/v7e-m+fp/hard\libgcc.a

.debug_info     0x0000000000000000    0x14010
 .debug_info    0x0000000000000000     0x1b98 ./Application/User/Core/main.o
 .debug_info    0x0000000000001b98     0x1715 ./Application/User/Core/stm32l4xx_hal_msp.o
 .debug_info    0x00000000000032ad      0x782 ./Application/User/Core/stm32l4xx_it.o
 .debug_info    0x0000000000003a2f       0x22 ./Application/User/Startup/startup_stm32l432kcux.o
 .debug_info    0x0000000000003a51      0x5d4 ./Drivers/CMSIS/system_stm32l4xx.o
 .debug_info    0x0000000000004025     0x12a4 ./Drivers/OLED/ssd1306.o
 .debug_info    0x00000000000052c9      0x236 ./Drivers/OLED/ssd1306_fonts.o
 .debug_info    0x00000000000054ff      0x9da ./Drivers/STM32L4xx_HAL_Driver/stm32l4xx_hal.o
 .debug_info    0x0000000000005ed9     0x1d76 ./Drivers/STM32L4xx_HAL_Driver/stm32l4xx_hal_adc.o
 .debug_info    0x0000000000007c4f      0xda3 ./Drivers/STM32L4xx_HAL_Driver/stm32l4xx_hal_cortex.o
 .debug_info    0x00000000000089f2      0x76a ./Drivers/STM32L4xx_HAL_Driver/stm32l4xx_hal_dma.o
 .debug_info    0x000000000000915c      0x821 ./Drivers/STM32L4xx_HAL_Driver/stm32l4xx_hal_gpio.o
 .debug_info    0x000000000000997d     0x2232 ./Drivers/STM32L4xx_HAL_Driver/stm32l4xx_hal_i2c.o
 .debug_info    0x000000000000bbaf      0xa53 ./Drivers/STM32L4xx_HAL_Driver/stm32l4xx_hal_i2c_ex.o
 .debug_info    0x000000000000c602      0x95e ./Drivers/STM32L4xx_HAL_Driver/stm32l4xx_hal_pwr.o
 .debug_info    0x000000000000cf60      0x96b ./Drivers/STM32L4xx_HAL_Driver/stm32l4xx_hal_pwr_ex.o
 .debug_info    0x000000000000d8cb      0xc97 ./Drivers/STM32L4xx_HAL_Driver/stm32l4xx_hal_rcc.o
 .debug_info    0x000000000000e562      0xf5b ./Drivers/STM32L4xx_HAL_Driver/stm32l4xx_hal_rcc_ex.o
 .debug_info    0x000000000000f4bd     0x3d1c ./Drivers/STM32L4xx_HAL_Driver/stm32l4xx_hal_uart.o
 .debug_info    0x00000000000131d9      0xe37 ./Drivers/STM32L4xx_HAL_Driver/stm32l4xx_hal_uart_ex.o

.debug_abbrev   0x0000000000000000     0x2a1d
 .debug_abbrev  0x0000000000000000      0x365 ./Application/User/Core/main.o
 .debug_abbrev  0x0000000000000365      0x22a ./Application/User/Core/stm32l4xx_hal_msp.o
 .debug_abbrev  0x000000000000058f      0x166 ./Application/User/Core/stm32l4xx_it.o
 .debug_abbrev  0x00000000000006f5       0x12 ./Application/User/Startup/startup_stm32l432kcux.o
 .debug_abbrev  0x0000000000000707      0x116 ./Drivers/CMSIS/system_stm32l4xx.o
 .debug_abbrev  0x000000000000081d      0x35a ./Drivers/OLED/ssd1306.o
 .debug_abbrev  0x0000000000000b77       0xbe ./Drivers/OLED/ssd1306_fonts.o
 .debug_abbrev  0x0000000000000c35      0x21e ./Drivers/STM32L4xx_HAL_Driver/stm32l4xx_hal.o
 .debug_abbrev  0x0000000000000e53      0x2b6 ./Drivers/STM32L4xx_HAL_Driver/stm32l4xx_hal_adc.o
 .debug_abbrev  0x0000000000001109      0x316 ./Drivers/STM32L4xx_HAL_Driver/stm32l4xx_hal_cortex.o
 .debug_abbrev  0x000000000000141f      0x1d7 ./Drivers/STM32L4xx_HAL_Driver/stm32l4xx_hal_dma.o
 .debug_abbrev  0x00000000000015f6      0x1bb ./Drivers/STM32L4xx_HAL_Driver/stm32l4xx_hal_gpio.o
 .debug_abbrev  0x00000000000017b1      0x243 ./Drivers/STM32L4xx_HAL_Driver/stm32l4xx_hal_i2c.o
 .debug_abbrev  0x00000000000019f4      0x1b0 ./Drivers/STM32L4xx_HAL_Driver/stm32l4xx_hal_i2c_ex.o
 .debug_abbrev  0x0000000000001ba4      0x1c9 ./Drivers/STM32L4xx_HAL_Driver/stm32l4xx_hal_pwr.o
 .debug_abbrev  0x0000000000001d6d      0x1f3 ./Drivers/STM32L4xx_HAL_Driver/stm32l4xx_hal_pwr_ex.o
 .debug_abbrev  0x0000000000001f60      0x2bd ./Drivers/STM32L4xx_HAL_Driver/stm32l4xx_hal_rcc.o
 .debug_abbrev  0x000000000000221d      0x299 ./Drivers/STM32L4xx_HAL_Driver/stm32l4xx_hal_rcc_ex.o
 .debug_abbrev  0x00000000000024b6      0x2bc ./Drivers/STM32L4xx_HAL_Driver/stm32l4xx_hal_uart.o
 .debug_abbrev  0x0000000000002772      0x2ab ./Drivers/STM32L4xx_HAL_Driver/stm32l4xx_hal_uart_ex.o

.debug_aranges  0x0000000000000000     0x1058
 .debug_aranges
                0x0000000000000000       0x80 ./Application/User/Core/main.o
 .debug_aranges
                0x0000000000000080       0x50 ./Application/User/Core/stm32l4xx_hal_msp.o
 .debug_aranges
                0x00000000000000d0       0x70 ./Application/User/Core/stm32l4xx_it.o
 .debug_aranges
                0x0000000000000140       0x28 ./Application/User/Startup/startup_stm32l432kcux.o
 .debug_aranges
                0x0000000000000168       0x28 ./Drivers/CMSIS/system_stm32l4xx.o
 .debug_aranges
                0x0000000000000190       0xe0 ./Drivers/OLED/ssd1306.o
 .debug_aranges
                0x0000000000000270       0x18 ./Drivers/OLED/ssd1306_fonts.o
 .debug_aranges
                0x0000000000000288      0x108 ./Drivers/STM32L4xx_HAL_Driver/stm32l4xx_hal.o
 .debug_aranges
                0x0000000000000390      0x210 ./Drivers/STM32L4xx_HAL_Driver/stm32l4xx_hal_adc.o
 .debug_aranges
                0x00000000000005a0      0x118 ./Drivers/STM32L4xx_HAL_Driver/stm32l4xx_hal_cortex.o
 .debug_aranges
                0x00000000000006b8       0x80 ./Drivers/STM32L4xx_HAL_Driver/stm32l4xx_hal_dma.o
 .debug_aranges
                0x0000000000000738       0x58 ./Drivers/STM32L4xx_HAL_Driver/stm32l4xx_hal_gpio.o
 .debug_aranges
                0x0000000000000790      0x2a0 ./Drivers/STM32L4xx_HAL_Driver/stm32l4xx_hal_i2c.o
 .debug_aranges
                0x0000000000000a30       0x48 ./Drivers/STM32L4xx_HAL_Driver/stm32l4xx_hal_i2c_ex.o
 .debug_aranges
                0x0000000000000a78       0x98 ./Drivers/STM32L4xx_HAL_Driver/stm32l4xx_hal_pwr.o
 .debug_aranges
                0x0000000000000b10      0x128 ./Drivers/STM32L4xx_HAL_Driver/stm32l4xx_hal_pwr_ex.o
 .debug_aranges
                0x0000000000000c38       0x90 ./Drivers/STM32L4xx_HAL_Driver/stm32l4xx_hal_rcc.o
 .debug_aranges
                0x0000000000000cc8       0xf0 ./Drivers/STM32L4xx_HAL_Driver/stm32l4xx_hal_rcc_ex.o
 .debug_aranges
                0x0000000000000db8      0x228 ./Drivers/STM32L4xx_HAL_Driver/stm32l4xx_hal_uart.o
 .debug_aranges
                0x0000000000000fe0       0x78 ./Drivers/STM32L4xx_HAL_Driver/stm32l4xx_hal_uart_ex.o

.debug_ranges   0x0000000000000000      0xf48
 .debug_ranges  0x0000000000000000       0x70 ./Application/User/Core/main.o
 .debug_ranges  0x0000000000000070       0x40 ./Application/User/Core/stm32l4xx_hal_msp.o
 .debug_ranges  0x00000000000000b0       0x60 ./Application/User/Core/stm32l4xx_it.o
 .debug_ranges  0x0000000000000110       0x20 ./Application/User/Startup/startup_stm32l432kcux.o
 .debug_ranges  0x0000000000000130       0x18 ./Drivers/CMSIS/system_stm32l4xx.o
 .debug_ranges  0x0000000000000148       0xd0 ./Drivers/OLED/ssd1306.o
 .debug_ranges  0x0000000000000218       0xf8 ./Drivers/STM32L4xx_HAL_Driver/stm32l4xx_hal.o
 .debug_ranges  0x0000000000000310      0x200 ./Drivers/STM32L4xx_HAL_Driver/stm32l4xx_hal_adc.o
 .debug_ranges  0x0000000000000510      0x108 ./Drivers/STM32L4xx_HAL_Driver/stm32l4xx_hal_cortex.o
 .debug_ranges  0x0000000000000618       0x70 ./Drivers/STM32L4xx_HAL_Driver/stm32l4xx_hal_dma.o
 .debug_ranges  0x0000000000000688       0x48 ./Drivers/STM32L4xx_HAL_Driver/stm32l4xx_hal_gpio.o
 .debug_ranges  0x00000000000006d0      0x290 ./Drivers/STM32L4xx_HAL_Driver/stm32l4xx_hal_i2c.o
 .debug_ranges  0x0000000000000960       0x38 ./Drivers/STM32L4xx_HAL_Driver/stm32l4xx_hal_i2c_ex.o
 .debug_ranges  0x0000000000000998       0x88 ./Drivers/STM32L4xx_HAL_Driver/stm32l4xx_hal_pwr.o
 .debug_ranges  0x0000000000000a20      0x118 ./Drivers/STM32L4xx_HAL_Driver/stm32l4xx_hal_pwr_ex.o
 .debug_ranges  0x0000000000000b38       0x80 ./Drivers/STM32L4xx_HAL_Driver/stm32l4xx_hal_rcc.o
 .debug_ranges  0x0000000000000bb8       0xe0 ./Drivers/STM32L4xx_HAL_Driver/stm32l4xx_hal_rcc_ex.o
 .debug_ranges  0x0000000000000c98      0x248 ./Drivers/STM32L4xx_HAL_Driver/stm32l4xx_hal_uart.o
 .debug_ranges  0x0000000000000ee0       0x68 ./Drivers/STM32L4xx_HAL_Driver/stm32l4xx_hal_uart_ex.o

.debug_macro    0x0000000000000000    0x226e1
 .debug_macro   0x0000000000000000      0x3c6 ./Application/User/Core/main.o
 .debug_macro   0x00000000000003c6      0xa78 ./Application/User/Core/main.o
 .debug_macro   0x0000000000000e3e      0x1ad ./Application/User/Core/main.o
 .debug_macro   0x0000000000000feb       0x2e ./Application/User/Core/main.o
 .debug_macro   0x0000000000001019       0x28 ./Application/User/Core/main.o
 .debug_macro   0x0000000000001041       0x22 ./Application/User/Core/main.o
 .debug_macro   0x0000000000001063       0x8e ./Application/User/Core/main.o
 .debug_macro   0x00000000000010f1       0x51 ./Application/User/Core/main.o
 .debug_macro   0x0000000000001142      0x103 ./Application/User/Core/main.o
 .debug_macro   0x0000000000001245       0x6a ./Application/User/Core/main.o
 .debug_macro   0x00000000000012af      0x1df ./Application/User/Core/main.o
 .debug_macro   0x000000000000148e       0x1c ./Application/User/Core/main.o
 .debug_macro   0x00000000000014aa       0x22 ./Application/User/Core/main.o
 .debug_macro   0x00000000000014cc       0xfb ./Application/User/Core/main.o
 .debug_macro   0x00000000000015c7     0x1011 ./Application/User/Core/main.o
 .debug_macro   0x00000000000025d8      0x11f ./Application/User/Core/main.o
 .debug_macro   0x00000000000026f7    0x147a6 ./Application/User/Core/main.o
 .debug_macro   0x0000000000016e9d       0x6d ./Application/User/Core/main.o
 .debug_macro   0x0000000000016f0a     0x38e6 ./Application/User/Core/main.o
 .debug_macro   0x000000000001a7f0      0x174 ./Application/User/Core/main.o
 .debug_macro   0x000000000001a964       0x5c ./Application/User/Core/main.o
 .debug_macro   0x000000000001a9c0     0x11ca ./Application/User/Core/main.o
 .debug_macro   0x000000000001bb8a      0x53c ./Application/User/Core/main.o
 .debug_macro   0x000000000001c0c6      0x1b9 ./Application/User/Core/main.o
 .debug_macro   0x000000000001c27f      0x122 ./Application/User/Core/main.o
 .debug_macro   0x000000000001c3a1      0x26b ./Application/User/Core/main.o
 .debug_macro   0x000000000001c60c      0x23d ./Application/User/Core/main.o
 .debug_macro   0x000000000001c849      0xddf ./Application/User/Core/main.o
 .debug_macro   0x000000000001d628      0x61d ./Application/User/Core/main.o
 .debug_macro   0x000000000001dc45      0x241 ./Application/User/Core/main.o
 .debug_macro   0x000000000001de86      0x241 ./Application/User/Core/main.o
 .debug_macro   0x000000000001e0c7      0x375 ./Application/User/Core/main.o
 .debug_macro   0x000000000001e43c       0xd6 ./Application/User/Core/main.o
 .debug_macro   0x000000000001e512      0x22c ./Application/User/Core/main.o
 .debug_macro   0x000000000001e73e       0x61 ./Application/User/Core/main.o
 .debug_macro   0x000000000001e79f       0xa5 ./Application/User/Core/main.o
 .debug_macro   0x000000000001e844      0x122 ./Application/User/Core/main.o
 .debug_macro   0x000000000001e966      0x356 ./Application/User/Core/main.o
 .debug_macro   0x000000000001ecbc      0x5ba ./Application/User/Core/main.o
 .debug_macro   0x000000000001f276       0x44 ./Application/User/Core/main.o
 .debug_macro   0x000000000001f2ba      0x220 ./Application/User/Core/main.o
 .debug_macro   0x000000000001f4da       0x58 ./Application/User/Core/main.o
 .debug_macro   0x000000000001f532       0x52 ./Application/User/Core/main.o
 .debug_macro   0x000000000001f584       0x1e ./Application/User/Core/main.o
 .debug_macro   0x000000000001f5a2       0x3c ./Application/User/Core/main.o
 .debug_macro   0x000000000001f5de       0x34 ./Application/User/Core/main.o
 .debug_macro   0x000000000001f612       0x4c ./Application/User/Core/main.o
 .debug_macro   0x000000000001f65e       0x10 ./Application/User/Core/main.o
 .debug_macro   0x000000000001f66e       0x34 ./Application/User/Core/main.o
 .debug_macro   0x000000000001f6a2       0x16 ./Application/User/Core/main.o
 .debug_macro   0x000000000001f6b8       0x35 ./Application/User/Core/main.o
 .debug_macro   0x000000000001f6ed      0x341 ./Application/User/Core/main.o
 .debug_macro   0x000000000001fa2e       0x10 ./Application/User/Core/main.o
 .debug_macro   0x000000000001fa3e       0x16 ./Application/User/Core/main.o
 .debug_macro   0x000000000001fa54       0x43 ./Application/User/Core/main.o
 .debug_macro   0x000000000001fa97       0x34 ./Application/User/Core/main.o
 .debug_macro   0x000000000001facb       0x10 ./Application/User/Core/main.o
 .debug_macro   0x000000000001fadb       0x58 ./Application/User/Core/main.o
 .debug_macro   0x000000000001fb33       0x71 ./Application/User/Core/main.o
 .debug_macro   0x000000000001fba4       0x1c ./Application/User/Core/main.o
 .debug_macro   0x000000000001fbc0      0x12a ./Application/User/Core/main.o
 .debug_macro   0x000000000001fcea       0x10 ./Application/User/Core/main.o
 .debug_macro   0x000000000001fcfa       0x1c ./Application/User/Core/main.o
 .debug_macro   0x000000000001fd16       0x52 ./Application/User/Core/main.o
 .debug_macro   0x000000000001fd68       0x22 ./Application/User/Core/main.o
 .debug_macro   0x000000000001fd8a       0x10 ./Application/User/Core/main.o
 .debug_macro   0x000000000001fd9a       0x52 ./Application/User/Core/main.o
 .debug_macro   0x000000000001fdec       0xd5 ./Application/User/Core/main.o
 .debug_macro   0x000000000001fec1       0x1c ./Application/User/Core/main.o
 .debug_macro   0x000000000001fedd       0x3d ./Application/User/Core/main.o
 .debug_macro   0x000000000001ff1a       0x16 ./Application/User/Core/main.o
 .debug_macro   0x000000000001ff30      0x145 ./Application/User/Core/main.o
 .debug_macro   0x0000000000020075       0x16 ./Application/User/Core/main.o
 .debug_macro   0x000000000002008b       0x20 ./Application/User/Core/main.o
 .debug_macro   0x00000000000200ab       0x22 ./Application/User/Core/main.o
 .debug_macro   0x00000000000200cd      0x1f7 ./Application/User/Core/stm32l4xx_hal_msp.o
 .debug_macro   0x00000000000202c4      0x201 ./Application/User/Core/stm32l4xx_it.o
 .debug_macro   0x00000000000204c5      0x1e8 ./Drivers/CMSIS/system_stm32l4xx.o
 .debug_macro   0x00000000000206ad      0x31c ./Drivers/OLED/ssd1306.o
 .debug_macro   0x00000000000209c9       0x28 ./Drivers/OLED/ssd1306.o
 .debug_macro   0x00000000000209f1      0x19b ./Drivers/OLED/ssd1306.o
 .debug_macro   0x0000000000020b8c       0x76 ./Drivers/OLED/ssd1306_fonts.o
 .debug_macro   0x0000000000020c02      0x230 ./Drivers/STM32L4xx_HAL_Driver/stm32l4xx_hal.o
 .debug_macro   0x0000000000020e32      0x205 ./Drivers/STM32L4xx_HAL_Driver/stm32l4xx_hal_adc.o
 .debug_macro   0x0000000000021037      0x1e8 ./Drivers/STM32L4xx_HAL_Driver/stm32l4xx_hal_cortex.o
 .debug_macro   0x000000000002121f      0x1e8 ./Drivers/STM32L4xx_HAL_Driver/stm32l4xx_hal_dma.o
 .debug_macro   0x0000000000021407      0x1ef ./Drivers/STM32L4xx_HAL_Driver/stm32l4xx_hal_gpio.o
 .debug_macro   0x00000000000215f6      0x2b4 ./Drivers/STM32L4xx_HAL_Driver/stm32l4xx_hal_i2c.o
 .debug_macro   0x00000000000218aa      0x1e8 ./Drivers/STM32L4xx_HAL_Driver/stm32l4xx_hal_i2c_ex.o
 .debug_macro   0x0000000000021a92      0x200 ./Drivers/STM32L4xx_HAL_Driver/stm32l4xx_hal_pwr.o
 .debug_macro   0x0000000000021c92      0x20c ./Drivers/STM32L4xx_HAL_Driver/stm32l4xx_hal_pwr_ex.o
 .debug_macro   0x0000000000021e9e      0x22a ./Drivers/STM32L4xx_HAL_Driver/stm32l4xx_hal_rcc.o
 .debug_macro   0x00000000000220c8      0x21e ./Drivers/STM32L4xx_HAL_Driver/stm32l4xx_hal_rcc_ex.o
 .debug_macro   0x00000000000222e6      0x213 ./Drivers/STM32L4xx_HAL_Driver/stm32l4xx_hal_uart.o
 .debug_macro   0x00000000000224f9      0x1e8 ./Drivers/STM32L4xx_HAL_Driver/stm32l4xx_hal_uart_ex.o

.debug_line     0x0000000000000000    0x13cfb
 .debug_line    0x0000000000000000      0xd2b ./Application/User/Core/main.o
 .debug_line    0x0000000000000d2b      0x8a2 ./Application/User/Core/stm32l4xx_hal_msp.o
 .debug_line    0x00000000000015cd      0x832 ./Application/User/Core/stm32l4xx_it.o
 .debug_line    0x0000000000001dff       0x94 ./Application/User/Startup/startup_stm32l432kcux.o
 .debug_line    0x0000000000001e93      0x7d7 ./Drivers/CMSIS/system_stm32l4xx.o
 .debug_line    0x000000000000266a     0x1023 ./Drivers/OLED/ssd1306.o
 .debug_line    0x000000000000368d      0x39d ./Drivers/OLED/ssd1306_fonts.o
 .debug_line    0x0000000000003a2a      0xa9c ./Drivers/STM32L4xx_HAL_Driver/stm32l4xx_hal.o
 .debug_line    0x00000000000044c6     0x1c33 ./Drivers/STM32L4xx_HAL_Driver/stm32l4xx_hal_adc.o
 .debug_line    0x00000000000060f9      0xcd6 ./Drivers/STM32L4xx_HAL_Driver/stm32l4xx_hal_cortex.o
 .debug_line    0x0000000000006dcf      0xd0e ./Drivers/STM32L4xx_HAL_Driver/stm32l4xx_hal_dma.o
 .debug_line    0x0000000000007add      0xb26 ./Drivers/STM32L4xx_HAL_Driver/stm32l4xx_hal_gpio.o
 .debug_line    0x0000000000008603     0x36c1 ./Drivers/STM32L4xx_HAL_Driver/stm32l4xx_hal_i2c.o
 .debug_line    0x000000000000bcc4      0x95d ./Drivers/STM32L4xx_HAL_Driver/stm32l4xx_hal_i2c_ex.o
 .debug_line    0x000000000000c621      0x90c ./Drivers/STM32L4xx_HAL_Driver/stm32l4xx_hal_pwr.o
 .debug_line    0x000000000000cf2d      0xc2e ./Drivers/STM32L4xx_HAL_Driver/stm32l4xx_hal_pwr_ex.o
 .debug_line    0x000000000000db5b      0xfe7 ./Drivers/STM32L4xx_HAL_Driver/stm32l4xx_hal_rcc.o
 .debug_line    0x000000000000eb42     0x1301 ./Drivers/STM32L4xx_HAL_Driver/stm32l4xx_hal_rcc_ex.o
 .debug_line    0x000000000000fe43     0x3240 ./Drivers/STM32L4xx_HAL_Driver/stm32l4xx_hal_uart.o
 .debug_line    0x0000000000013083      0xc78 ./Drivers/STM32L4xx_HAL_Driver/stm32l4xx_hal_uart_ex.o

.debug_str      0x0000000000000000    0xd3c11
 .debug_str     0x0000000000000000    0xcea74 ./Application/User/Core/main.o
                                      0xcf120 (size before relaxing)
 .debug_str     0x00000000000cea74      0x2bf ./Application/User/Core/stm32l4xx_hal_msp.o
                                      0xcae67 (size before relaxing)
 .debug_str     0x00000000000ced33      0x144 ./Application/User/Core/stm32l4xx_it.o
                                      0xca1ef (size before relaxing)
 .debug_str     0x00000000000cee77       0x42 ./Application/User/Startup/startup_stm32l432kcux.o
                                         0x81 (size before relaxing)
 .debug_str     0x00000000000ceeb9      0x11b ./Drivers/CMSIS/system_stm32l4xx.o
                                      0xc9dae (size before relaxing)
 .debug_str     0x00000000000cefd4      0xc7b ./Drivers/OLED/ssd1306.o
                                      0xcddfd (size before relaxing)
 .debug_str     0x00000000000cfc4f       0x79 ./Drivers/OLED/ssd1306_fonts.o
                                       0x3dce (size before relaxing)
 .debug_str     0x00000000000cfcc8      0x587 ./Drivers/STM32L4xx_HAL_Driver/stm32l4xx_hal.o
                                      0xca73b (size before relaxing)
 .debug_str     0x00000000000d024f      0xa70 ./Drivers/STM32L4xx_HAL_Driver/stm32l4xx_hal_adc.o
                                      0xcaba9 (size before relaxing)
 .debug_str     0x00000000000d0cbf      0x33c ./Drivers/STM32L4xx_HAL_Driver/stm32l4xx_hal_cortex.o
                                      0xca4dc (size before relaxing)
 .debug_str     0x00000000000d0ffb      0x22e ./Drivers/STM32L4xx_HAL_Driver/stm32l4xx_hal_dma.o
                                      0xca015 (size before relaxing)
 .debug_str     0x00000000000d1229      0x139 ./Drivers/STM32L4xx_HAL_Driver/stm32l4xx_hal_gpio.o
                                      0xc9f22 (size before relaxing)
 .debug_str     0x00000000000d1362      0xdbd ./Drivers/STM32L4xx_HAL_Driver/stm32l4xx_hal_i2c.o
                                      0xcafaf (size before relaxing)
 .debug_str     0x00000000000d211f       0xe1 ./Drivers/STM32L4xx_HAL_Driver/stm32l4xx_hal_i2c_ex.o
                                      0xca2e5 (size before relaxing)
 .debug_str     0x00000000000d2200      0x352 ./Drivers/STM32L4xx_HAL_Driver/stm32l4xx_hal_pwr.o
                                      0xca0f8 (size before relaxing)
 .debug_str     0x00000000000d2552      0x382 ./Drivers/STM32L4xx_HAL_Driver/stm32l4xx_hal_pwr_ex.o
                                      0xca256 (size before relaxing)
 .debug_str     0x00000000000d28d4      0x3aa ./Drivers/STM32L4xx_HAL_Driver/stm32l4xx_hal_rcc.o
                                      0xca3ae (size before relaxing)
 .debug_str     0x00000000000d2c7e      0x509 ./Drivers/STM32L4xx_HAL_Driver/stm32l4xx_hal_rcc_ex.o
                                      0xca60e (size before relaxing)
 .debug_str     0x00000000000d3187      0x8a1 ./Drivers/STM32L4xx_HAL_Driver/stm32l4xx_hal_uart.o
                                      0xcaade (size before relaxing)
 .debug_str     0x00000000000d3a28      0x1e9 ./Drivers/STM32L4xx_HAL_Driver/stm32l4xx_hal_uart_ex.o
                                      0xca2ed (size before relaxing)

.comment        0x0000000000000000       0x50
 .comment       0x0000000000000000       0x50 ./Application/User/Core/main.o
                                         0x51 (size before relaxing)
 .comment       0x0000000000000050       0x51 ./Application/User/Core/stm32l4xx_hal_msp.o
 .comment       0x0000000000000050       0x51 ./Application/User/Core/stm32l4xx_it.o
 .comment       0x0000000000000050       0x51 ./Drivers/CMSIS/system_stm32l4xx.o
 .comment       0x0000000000000050       0x51 ./Drivers/OLED/ssd1306.o
 .comment       0x0000000000000050       0x51 ./Drivers/OLED/ssd1306_fonts.o
 .comment       0x0000000000000050       0x51 ./Drivers/STM32L4xx_HAL_Driver/stm32l4xx_hal.o
 .comment       0x0000000000000050       0x51 ./Drivers/STM32L4xx_HAL_Driver/stm32l4xx_hal_adc.o
 .comment       0x0000000000000050       0x51 ./Drivers/STM32L4xx_HAL_Driver/stm32l4xx_hal_cortex.o
 .comment       0x0000000000000050       0x51 ./Drivers/STM32L4xx_HAL_Driver/stm32l4xx_hal_dma.o
 .comment       0x0000000000000050       0x51 ./Drivers/STM32L4xx_HAL_Driver/stm32l4xx_hal_gpio.o
 .comment       0x0000000000000050       0x51 ./Drivers/STM32L4xx_HAL_Driver/stm32l4xx_hal_i2c.o
 .comment       0x0000000000000050       0x51 ./Drivers/STM32L4xx_HAL_Driver/stm32l4xx_hal_i2c_ex.o
 .comment       0x0000000000000050       0x51 ./Drivers/STM32L4xx_HAL_Driver/stm32l4xx_hal_pwr.o
 .comment       0x0000000000000050       0x51 ./Drivers/STM32L4xx_HAL_Driver/stm32l4xx_hal_pwr_ex.o
 .comment       0x0000000000000050       0x51 ./Drivers/STM32L4xx_HAL_Driver/stm32l4xx_hal_rcc.o
 .comment       0x0000000000000050       0x51 ./Drivers/STM32L4xx_HAL_Driver/stm32l4xx_hal_rcc_ex.o
 .comment       0x0000000000000050       0x51 ./Drivers/STM32L4xx_HAL_Driver/stm32l4xx_hal_uart.o
 .comment       0x0000000000000050       0x51 ./Drivers/STM32L4xx_HAL_Driver/stm32l4xx_hal_uart_ex.o

.debug_frame    0x0000000000000000     0x4454
 .debug_frame   0x0000000000000000      0x1d0 ./Application/User/Core/main.o
 .debug_frame   0x00000000000001d0      0x11c ./Application/User/Core/stm32l4xx_hal_msp.o
 .debug_frame   0x00000000000002ec      0x13c ./Application/User/Core/stm32l4xx_it.o
 .debug_frame   0x0000000000000428       0x58 ./Drivers/CMSIS/system_stm32l4xx.o
 .debug_frame   0x0000000000000480      0x3c0 ./Drivers/OLED/ssd1306.o
 .debug_frame   0x0000000000000840      0x3dc ./Drivers/STM32L4xx_HAL_Driver/stm32l4xx_hal.o
 .debug_frame   0x0000000000000c1c      0x9b0 ./Drivers/STM32L4xx_HAL_Driver/stm32l4xx_hal_adc.o
 .debug_frame   0x00000000000015cc      0x498 ./Drivers/STM32L4xx_HAL_Driver/stm32l4xx_hal_cortex.o
 .debug_frame   0x0000000000001a64      0x204 ./Drivers/STM32L4xx_HAL_Driver/stm32l4xx_hal_dma.o
 .debug_frame   0x0000000000001c68      0x14c ./Drivers/STM32L4xx_HAL_Driver/stm32l4xx_hal_gpio.o
 .debug_frame   0x0000000000001db4      0xc38 ./Drivers/STM32L4xx_HAL_Driver/stm32l4xx_hal_i2c.o
 .debug_frame   0x00000000000029ec      0x100 ./Drivers/STM32L4xx_HAL_Driver/stm32l4xx_hal_i2c_ex.o
 .debug_frame   0x0000000000002aec      0x230 ./Drivers/STM32L4xx_HAL_Driver/stm32l4xx_hal_pwr.o
 .debug_frame   0x0000000000002d1c      0x4a4 ./Drivers/STM32L4xx_HAL_Driver/stm32l4xx_hal_pwr_ex.o
 .debug_frame   0x00000000000031c0      0x21c ./Drivers/STM32L4xx_HAL_Driver/stm32l4xx_hal_rcc.o
 .debug_frame   0x00000000000033dc      0x3d0 ./Drivers/STM32L4xx_HAL_Driver/stm32l4xx_hal_rcc_ex.o
 .debug_frame   0x00000000000037ac      0x9f4 ./Drivers/STM32L4xx_HAL_Driver/stm32l4xx_hal_uart.o
 .debug_frame   0x00000000000041a0      0x1e0 ./Drivers/STM32L4xx_HAL_Driver/stm32l4xx_hal_uart_ex.o
 .debug_frame   0x0000000000004380       0x2c c:/st/stm32cubeide_1.6.1/stm32cubeide/plugins/com.st.stm32cube.ide.mcu.externaltools.gnu-tools-for-stm32.10.3-2021.10.win32_1.0.100.202210260954/tools/bin/../lib/gcc/arm-none-eabi/10.3.1/../../../../arm-none-eabi/lib/thumb/v7e-m+fp/hard\libc_nano.a(lib_a-init.o)
 .debug_frame   0x00000000000043ac       0x28 c:/st/stm32cubeide_1.6.1/stm32cubeide/plugins/com.st.stm32cube.ide.mcu.externaltools.gnu-tools-for-stm32.10.3-2021.10.win32_1.0.100.202210260954/tools/bin/../lib/gcc/arm-none-eabi/10.3.1/../../../../arm-none-eabi/lib/thumb/v7e-m+fp/hard\libc_nano.a(lib_a-memcpy-stub.o)
 .debug_frame   0x00000000000043d4       0x20 c:/st/stm32cubeide_1.6.1/stm32cubeide/plugins/com.st.stm32cube.ide.mcu.externaltools.gnu-tools-for-stm32.10.3-2021.10.win32_1.0.100.202210260954/tools/bin/../lib/gcc/arm-none-eabi/10.3.1/../../../../arm-none-eabi/lib/thumb/v7e-m+fp/hard\libc_nano.a(lib_a-memset.o)
 .debug_frame   0x00000000000043f4       0x2c c:/st/stm32cubeide_1.6.1/stm32cubeide/plugins/com.st.stm32cube.ide.mcu.externaltools.gnu-tools-for-stm32.10.3-2021.10.win32_1.0.100.202210260954/tools/bin/../lib/gcc/arm-none-eabi/10.3.1/thumb/v7e-m+fp/hard\libgcc.a(_aeabi_uldivmod.o)
 .debug_frame   0x0000000000004420       0x34 c:/st/stm32cubeide_1.6.1/stm32cubeide/plugins/com.st.stm32cube.ide.mcu.externaltools.gnu-tools-for-stm32.10.3-2021.10.win32_1.0.100.202210260954/tools/bin/../lib/gcc/arm-none-eabi/10.3.1/thumb/v7e-m+fp/hard\libgcc.a(_udivmoddi4.o)
